Test run for C:\Users\ADAMS\Documents\ADAMS\ADAMS PROGRAMACION\BE-BETTER\backend-dotnet\RealEstate.API.Tests\bin\Debug\net9.0\RealEstate.API.Tests.dll (.NETCoreApp,Version=v9.0)
VSTest version 17.14.1 (x64)

Starting test execution, please wait...
A total of 1 test files matched the specified pattern.
dotnet : [xUnit.net 00:00:00.53]     RealEstate.API.Tests.I
ntegration.TransactionsControllerTests.GetTransactions_Retu
rnsOkWithTransactions [FAIL]
At line:1 char:1
+ dotnet test RealEstate.API.Tests --no-build -- --logger 
"console;verb ...
+ ~~~~~~~~~~~~~~~~~~~~~~~~~~~~~~~~~~~~~~~~~~~~~~~~~~~~~~~~~
~~~~~~~~~~~~
    + CategoryInfo          : NotSpecified: ([xUnit.net 00 
   :0...sactions [FAIL]:String) [], RemoteException
    + FullyQualifiedErrorId : NativeCommandError
 
[xUnit.net 00:00:00.53]     RealEstate.API.Tests.Integratio
n.ClientsControllerTests.UpdateClient_NonExistingClient_Ret
urnsNotFound [FAIL]
[xUnit.net 00:00:00.54]     RealEstate.API.Tests.Integratio
n.PropertiesControllerTests.GetPropertyById_ExistingPropert
y_ReturnsOk [FAIL]
[xUnit.net 00:00:00.54]     RealEstate.API.Tests.Integratio
n.TransactionsControllerTests.GetTransactionById_NonExistin
gTransaction_ReturnsNotFound [FAIL]
[xUnit.net 00:00:00.55]     RealEstate.API.Tests.Integratio
n.ClientsControllerTests.GetClientById_ExistingClient_Retur
nsOk [FAIL]
[xUnit.net 00:00:00.55]     RealEstate.API.Tests.Integratio
n.PropertiesControllerTests.DeleteProperty_ExistingProperty
_ReturnsNoContent [FAIL]
  Failed RealEstate.API.Tests.Integration.TransactionsControllerTests.GetTransactions_ReturnsOkWithTransactions [1 ms]
  Error Message:
   System.InvalidOperationException : Services for database providers 'Npgsql.EntityFrameworkCore.PostgreSQL', 'Microsoft.EntityFrameworkCore.InMemory' have been registered in the service provider. Only a single database provider can be registered in a service provider. If possible, ensure that Entity Framework is managing its service provider by removing the call to 'UseInternalServiceProvider'. Otherwise, consider conditionally registering the database provider, or maintaining one service provider per database provider.
  Stack Trace:
     at Microsoft.EntityFrameworkCore.Internal.DbContextServices.Initialize(IServiceProvider scopedProvider, DbContextOptions contextOptions, DbContext context)
   at Microsoft.EntityFrameworkCore.DbContext.get_ContextServices()
   at Microsoft.EntityFrameworkCore.DbContext.get_InternalServiceProvider()
   at Microsoft.EntityFrameworkCore.DbContext.Microsoft.EntityFrameworkCore.Infrastructure.IInfrastructure<System.IServiceProvider>.get_Instance()
   at Microsoft.EntityFrameworkCore.Infrastructure.Internal.InfrastructureExtensions.GetService(IInfrastructure`1 accessor, Type serviceType)
   at Microsoft.EntityFrameworkCore.Infrastructure.Internal.InfrastructureExtensions.GetService[TService](IInfrastructure`1 accessor)
   at Microsoft.EntityFrameworkCore.Infrastructure.AccessorExtensions.GetService[TService](IInfrastructure`1 accessor)
   at Microsoft.EntityFrameworkCore.Infrastructure.DatabaseFacade.get_Dependencies()
   at Microsoft.EntityFrameworkCore.Infrastructure.DatabaseFacade.EnsureCreated()
   at RealEstate.API.Tests.CustomWebApplicationFactory`1.<>c.<ConfigureWebHost>b__0_0(IServiceCollection services) in C:\Users\ADAMS\Documents\ADAMS\ADAMS PROGRAMACION\BE-BETTER\backend-dotnet\RealEstate.API.Tests\CustomWebApplicationFactory.cs:line 49
   at Microsoft.Extensions.Hosting.HostApplicationBuilder.HostBuilderAdapter.ApplyChanges()
   at Microsoft.Extensions.Hosting.HostApplicationBuilder.Build()
   at Microsoft.AspNetCore.Builder.WebApplicationBuilder.Build()
   at Program.<Main>$(String[] args) in C:\Users\ADAMS\Documents\ADAMS\ADAMS PROGRAMACION\BE-BETTER\backend-dotnet\RealEstate.API\Program.cs:line 19
   at System.RuntimeMethodHandle.InvokeMethod(Object target, Void** arguments, Signature sig, Boolean isConstructor)
   at System.Reflection.MethodBaseInvoker.InvokeDirectByRefWithFewArgs(Object obj, Span`1 copyOfArgs, BindingFlags invokeAttr)
--- End of stack trace from previous location ---
   at Microsoft.Extensions.Hosting.HostFactoryResolver.HostingListener.CreateHost()
   at Microsoft.Extensions.Hosting.HostFactoryResolver.<>c__DisplayClass10_0.<ResolveHostFactory>b__0(String[] args)
   at Microsoft.AspNetCore.Mvc.Testing.DeferredHostBuilder.Build()
   at Microsoft.AspNetCore.Mvc.Testing.WebApplicationFactory`1.CreateHost(IHostBuilder builder)
   at Microsoft.AspNetCore.Mvc.Testing.WebApplicationFactory`1.ConfigureHostBuilder(IHostBuilder hostBuilder)
   at Microsoft.AspNetCore.Mvc.Testing.WebApplicationFactory`1.EnsureServer()
   at Microsoft.AspNetCore.Mvc.Testing.WebApplicationFactory`1.CreateDefaultClient(DelegatingHandler[] handlers)
   at Microsoft.AspNetCore.Mvc.Testing.WebApplicationFactory`1.CreateDefaultClient(Uri baseAddress, DelegatingHandler[] handlers)
   at Microsoft.AspNetCore.Mvc.Testing.WebApplicationFactory`1.CreateClient(WebApplicationFactoryClientOptions options)
   at Microsoft.AspNetCore.Mvc.Testing.WebApplicationFactory`1.CreateClient()
   at RealEstate.API.Tests.Integration.TransactionsControllerTests..ctor(CustomWebApplicationFactory`1 factory) in C:\Users\ADAMS\Documents\ADAMS\ADAMS PROGRAMACION\BE-BETTER\backend-dotnet\RealEstate.API.Tests\Integration\TransactionsControllerTests.cs:line 14
   at System.RuntimeMethodHandle.InvokeMethod(Object target, Void** arguments, Signature sig, Boolean isConstructor)
   at System.Reflection.MethodBaseInvoker.InvokeDirectByRefWithFewArgs(Object obj, Span`1 copyOfArgs, BindingFlags invokeAttr)
  Failed RealEstate.API.Tests.Integration.ClientsControllerTests.UpdateClient_NonExistingClient_ReturnsNotFound [1 ms]
  Error Message:
   System.InvalidOperationException : Services for database providers 'Npgsql.EntityFrameworkCore.PostgreSQL', 'Microsoft.EntityFrameworkCore.InMemory' have been registered in the service provider. Only a single database provider can be registered in a service provider. If possible, ensure that Entity Framework is managing its service provider by removing the call to 'UseInternalServiceProvider'. Otherwise, consider conditionally registering the database provider, or maintaining one service provider per database provider.
  Stack Trace:
     at Microsoft.EntityFrameworkCore.Internal.DbContextServices.Initialize(IServiceProvider scopedProvider, DbContextOptions contextOptions, DbContext context)
   at Microsoft.EntityFrameworkCore.DbContext.get_ContextServices()
   at Microsoft.EntityFrameworkCore.DbContext.get_InternalServiceProvider()
   at Microsoft.EntityFrameworkCore.DbContext.Microsoft.EntityFrameworkCore.Infrastructure.IInfrastructure<System.IServiceProvider>.get_Instance()
   at Microsoft.EntityFrameworkCore.Infrastructure.Internal.InfrastructureExtensions.GetService(IInfrastructure`1 accessor, Type serviceType)
   at Microsoft.EntityFrameworkCore.Infrastructure.Internal.InfrastructureExtensions.GetService[TService](IInfrastructure`1 accessor)
   at Microsoft.EntityFrameworkCore.Infrastructure.AccessorExtensions.GetService[TService](IInfrastructure`1 accessor)
   at Microsoft.EntityFrameworkCore.Infrastructure.DatabaseFacade.get_Dependencies()
   at Microsoft.EntityFrameworkCore.Infrastructure.DatabaseFacade.EnsureCreated()
   at RealEstate.API.Tests.CustomWebApplicationFactory`1.<>c.<ConfigureWebHost>b__0_0(IServiceCollection services) in C:\Users\ADAMS\Documents\ADAMS\ADAMS PROGRAMACION\BE-BETTER\backend-dotnet\RealEstate.API.Tests\CustomWebApplicationFactory.cs:line 49
   at Microsoft.Extensions.Hosting.HostApplicationBuilder.HostBuilderAdapter.ApplyChanges()
   at Microsoft.Extensions.Hosting.HostApplicationBuilder.Build()
   at Microsoft.AspNetCore.Builder.WebApplicationBuilder.Build()
   at Program.<Main>$(String[] args) in C:\Users\ADAMS\Documents\ADAMS\ADAMS PROGRAMACION\BE-BETTER\backend-dotnet\RealEstate.API\Program.cs:line 19
   at InvokeStub_Program.<Main>$(Object, Object, IntPtr*)
   at System.Reflection.MethodBaseInvoker.InvokeDirectByRefWithFewArgs(Object obj, Span`1 copyOfArgs, BindingFlags invokeAttr)
--- End of stack trace from previous location ---
   at Microsoft.Extensions.Hosting.HostFactoryResolver.HostingListener.CreateHost()
   at Microsoft.Extensions.Hosting.HostFactoryResolver.<>c__DisplayClass10_0.<ResolveHostFactory>b__0(String[] args)
   at Microsoft.AspNetCore.Mvc.Testing.DeferredHostBuilder.Build()
   at Microsoft.AspNetCore.Mvc.Testing.WebApplicationFactory`1.CreateHost(IHostBuilder builder)
   at Microsoft.AspNetCore.Mvc.Testing.WebApplicationFactory`1.ConfigureHostBuilder(IHostBuilder hostBuilder)
   at Microsoft.AspNetCore.Mvc.Testing.WebApplicationFactory`1.EnsureServer()
   at Microsoft.AspNetCore.Mvc.Testing.WebApplicationFactory`1.CreateDefaultClient(DelegatingHandler[] handlers)
   at Microsoft.AspNetCore.Mvc.Testing.WebApplicationFactory`1.CreateDefaultClient(Uri baseAddress, DelegatingHandler[] handlers)
   at Microsoft.AspNetCore.Mvc.Testing.WebApplicationFactory`1.CreateClient(WebApplicationFactoryClientOptions options)
   at Microsoft.AspNetCore.Mvc.Testing.WebApplicationFactory`1.CreateClient()
   at RealEstate.API.Tests.Integration.ClientsControllerTests..ctor(CustomWebApplicationFactory`1 factory) in C:\Users\ADAMS\Documents\ADAMS\ADAMS PROGRAMACION\BE-BETTER\backend-dotnet\RealEstate.API.Tests\Integration\ClientsControllerTests.cs:line 14
   at System.RuntimeMethodHandle.InvokeMethod(Object target, Void** arguments, Signature sig, Boolean isConstructor)
   at System.Reflection.MethodBaseInvoker.InvokeDirectByRefWithFewArgs(Object obj, Span`1 copyOfArgs, BindingFlags invokeAttr)
  Failed RealEstate.API.Tests.Integration.PropertiesControllerTests.GetPropertyById_ExistingProperty_ReturnsOk [1 ms]
  Error Message:
   System.InvalidOperationException : Services for database providers 'Npgsql.EntityFrameworkCore.PostgreSQL', 'Microsoft.EntityFrameworkCore.InMemory' have been registered in the service provider. Only a single database provider can be registered in a service provider. If possible, ensure that Entity Framework is managing its service provider by removing the call to 'UseInternalServiceProvider'. Otherwise, consider conditionally registering the database provider, or maintaining one service provider per database provider.
  Stack Trace:
     at Microsoft.EntityFrameworkCore.Internal.DbContextServices.Initialize(IServiceProvider scopedProvider, DbContextOptions contextOptions, DbContext context)
   at Microsoft.EntityFrameworkCore.DbContext.get_ContextServices()
   at Microsoft.EntityFrameworkCore.DbContext.get_InternalServiceProvider()
   at Microsoft.EntityFrameworkCore.DbContext.Microsoft.EntityFrameworkCore.Infrastructure.IInfrastructure<System.IServiceProvider>.get_Instance()
   at Microsoft.EntityFrameworkCore.Infrastructure.Internal.InfrastructureExtensions.GetService(IInfrastructure`1 accessor, Type serviceType)
   at Microsoft.EntityFrameworkCore.Infrastructure.Internal.InfrastructureExtensions.GetService[TService](IInfrastructure`1 accessor)
   at Microsoft.EntityFrameworkCore.Infrastructure.AccessorExtensions.GetService[TService](IInfrastructure`1 accessor)
   at Microsoft.EntityFrameworkCore.Infrastructure.DatabaseFacade.get_Dependencies()
   at Microsoft.EntityFrameworkCore.Infrastructure.DatabaseFacade.EnsureCreated()
   at RealEstate.API.Tests.CustomWebApplicationFactory`1.<>c.<ConfigureWebHost>b__0_0(IServiceCollection services) in C:\Users\ADAMS\Documents\ADAMS\ADAMS PROGRAMACION\BE-BETTER\backend-dotnet\RealEstate.API.Tests\CustomWebApplicationFactory.cs:line 49
   at Microsoft.Extensions.Hosting.HostApplicationBuilder.HostBuilderAdapter.ApplyChanges()
   at Microsoft.Extensions.Hosting.HostApplicationBuilder.Build()
   at Microsoft.AspNetCore.Builder.WebApplicationBuilder.Build()
   at Program.<Main>$(String[] args) in C:\Users\ADAMS\Documents\ADAMS\ADAMS PROGRAMACION\BE-BETTER\backend-dotnet\RealEstate.API\Program.cs:line 19
   at InvokeStub_Program.<Main>$(Object, Object, IntPtr*)
   at System.Reflection.MethodBaseInvoker.InvokeDirectByRefWithFewArgs(Object obj, Span`1 copyOfArgs, BindingFlags invokeAttr)
--- End of stack trace from previous location ---
   at Microsoft.Extensions.Hosting.HostFactoryResolver.HostingListener.CreateHost()
   at Microsoft.Extensions.Hosting.HostFactoryResolver.<>c__DisplayClass10_0.<ResolveHostFactory>b__0(String[] args)
   at Microsoft.AspNetCore.Mvc.Testing.DeferredHostBuilder.Build()
   at Microsoft.AspNetCore.Mvc.Testing.WebApplicationFactory`1.CreateHost(IHostBuilder builder)
   at Microsoft.AspNetCore.Mvc.Testing.WebApplicationFactory`1.ConfigureHostBuilder(IHostBuilder hostBuilder)
   at Microsoft.AspNetCore.Mvc.Testing.WebApplicationFactory`1.EnsureServer()
   at Microsoft.AspNetCore.Mvc.Testing.WebApplicationFactory`1.CreateDefaultClient(DelegatingHandler[] handlers)
   at Microsoft.AspNetCore.Mvc.Testing.WebApplicationFactory`1.CreateDefaultClient(Uri baseAddress, DelegatingHandler[] handlers)
   at Microsoft.AspNetCore.Mvc.Testing.WebApplicationFactory`1.CreateClient(WebApplicationFactoryClientOptions options)
   at Microsoft.AspNetCore.Mvc.Testing.WebApplicationFactory`1.CreateClient()
   at RealEstate.API.Tests.Integration.PropertiesControllerTests..ctor(CustomWebApplicationFactory`1 factory) in C:\Users\ADAMS\Documents\ADAMS\ADAMS PROGRAMACION\BE-BETTER\backend-dotnet\RealEstate.API.Tests\Integration\PropertiesControllerTests.cs:line 14
   at System.RuntimeMethodHandle.InvokeMethod(Object target, Void** arguments, Signature sig, Boolean isConstructor)
   at System.Reflection.MethodBaseInvoker.InvokeDirectByRefWithFewArgs(Object obj, Span`1 copyOfArgs, BindingFlags invokeAttr)
  Failed RealEstate.API.Tests.Integration.TransactionsControllerTests.GetTransactionById_NonExistingTransaction_ReturnsNotFound [1 ms]
  Error Message:
   System.InvalidOperationException : Services for database providers 'Npgsql.EntityFrameworkCore.PostgreSQL', 'Microsoft.EntityFrameworkCore.InMemory' have been registered in the service provider. Only a single database provider can be registered in a service provider. If possible, ensure that Entity Framework is managing its service provider by removing the call to 'UseInternalServiceProvider'. Otherwise, consider conditionally registering the database provider, or maintaining one service provider per database provider.
  Stack Trace:
     at Microsoft.EntityFrameworkCore.Internal.DbContextServices.Initialize(IServiceProvider scopedProvider, DbContextOptions contextOptions, DbContext context)
   at Microsoft.EntityFrameworkCore.DbContext.get_ContextServices()
   at Microsoft.EntityFrameworkCore.DbContext.get_InternalServiceProvider()
   at Microsoft.EntityFrameworkCore.DbContext.Microsoft.EntityFrameworkCore.Infrastructure.IInfrastructure<System.IServiceProvider>.get_Instance()
   at Microsoft.EntityFrameworkCore.Infrastructure.Internal.InfrastructureExtensions.GetService(IInfrastructure`1 accessor, Type serviceType)
   at Microsoft.EntityFrameworkCore.Infrastructure.Internal.InfrastructureExtensions.GetService[TService](IInfrastructure`1 accessor)
   at Microsoft.EntityFrameworkCore.Infrastructure.AccessorExtensions.GetService[TService](IInfrastructure`1 accessor)
   at Microsoft.EntityFrameworkCore.Infrastructure.DatabaseFacade.get_Dependencies()
   at Microsoft.EntityFrameworkCore.Infrastructure.DatabaseFacade.EnsureCreated()
   at RealEstate.API.Tests.CustomWebApplicationFactory`1.<>c.<ConfigureWebHost>b__0_0(IServiceCollection services) in C:\Users\ADAMS\Documents\ADAMS\ADAMS PROGRAMACION\BE-BETTER\backend-dotnet\RealEstate.API.Tests\CustomWebApplicationFactory.cs:line 49
   at Microsoft.Extensions.Hosting.HostApplicationBuilder.HostBuilderAdapter.ApplyChanges()
   at Microsoft.Extensions.Hosting.HostApplicationBuilder.Build()
   at Microsoft.AspNetCore.Builder.WebApplicationBuilder.Build()
   at Program.<Main>$(String[] args) in C:\Users\ADAMS\Documents\ADAMS\ADAMS PROGRAMACION\BE-BETTER\backend-dotnet\RealEstate.API\Program.cs:line 19
   at InvokeStub_Program.<Main>$(Object, Span`1)
   at System.Reflection.MethodBaseInvoker.InvokeWithOneArg(Object obj, BindingFlags invokeAttr, Binder binder, Object[] parameters, CultureInfo culture)
--- End of stack trace from previous location ---
   at Microsoft.Extensions.Hosting.HostFactoryResolver.HostingListener.CreateHost()
   at Microsoft.Extensions.Hosting.HostFactoryResolver.<>c__DisplayClass10_0.<ResolveHostFactory>b__0(String[] args)
   at Microsoft.AspNetCore.Mvc.Testing.DeferredHostBuilder.Build()
   at Microsoft.AspNetCore.Mvc.Testing.WebApplicationFactory`1.CreateHost(IHostBuilder builder)
   at Microsoft.AspNetCore.Mvc.Testing.WebApplicationFactory`1.ConfigureHostBuilder(IHostBuilder hostBuilder)
   at Microsoft.AspNetCore.Mvc.Testing.WebApplicationFactory`1.EnsureServer()
   at Microsoft.AspNetCore.Mvc.Testing.WebApplicationFactory`1.CreateDefaultClient(DelegatingHandler[] handlers)
   at Microsoft.AspNetCore.Mvc.Testing.WebApplicationFactory`1.CreateDefaultClient(Uri baseAddress, DelegatingHandler[] handlers)
   at Microsoft.AspNetCore.Mvc.Testing.WebApplicationFactory`1.CreateClient(WebApplicationFactoryClientOptions options)
   at Microsoft.AspNetCore.Mvc.Testing.WebApplicationFactory`1.CreateClient()
   at RealEstate.API.Tests.Integration.TransactionsControllerTests..ctor(CustomWebApplicationFactory`1 factory) in C:\Users\ADAMS\Documents\ADAMS\ADAMS PROGRAMACION\BE-BETTER\backend-dotnet\RealEstate.API.Tests\Integration\TransactionsControllerTests.cs:line 14
   at InvokeStub_TransactionsControllerTests..ctor(Object, Span`1)
   at System.Reflection.MethodBaseInvoker.InvokeWithOneArg(Object obj, BindingFlags invokeAttr, Binder binder, Object[] parameters, CultureInfo culture)
  Failed RealEstate.API.Tests.Integration.ClientsControllerTests.GetClientById_ExistingClient_ReturnsOk [1 ms]
  Error Message:
   System.InvalidOperationException : Services for database providers 'Npgsql.EntityFrameworkCore.PostgreSQL', 'Microsoft.EntityFrameworkCore.InMemory' have been registered in the service provider. Only a single database provider can be registered in a service provider. If possible, ensure that Entity Framework is managing its service provider by removing the call to 'UseInternalServiceProvider'. Otherwise, consider conditionally registering the database provider, or maintaining one service provider per database provider.
  Stack Trace:
     at Microsoft.EntityFrameworkCore.Internal.DbContextServices.Initialize(IServiceProvider scopedProvider, DbContextOptions contextOptions, DbContext context)
   at Microsoft.EntityFrameworkCore.DbContext.get_ContextServices()
   at Microsoft.EntityFrameworkCore.DbContext.get_InternalServiceProvider()
   at Microsoft.EntityFrameworkCore.DbContext.Microsoft.EntityFrameworkCore.Infrastructure.IInfrastructure<System.IServiceProvider>.get_Instance()
   at Microsoft.EntityFrameworkCore.Infrastructure.Internal.InfrastructureExtensions.GetService(IInfrastructure`1 accessor, Type serviceType)
   at Microsoft.EntityFrameworkCore.Infrastructure.Internal.InfrastructureExtensions.GetService[TService](IInfrastructure`1 accessor)
   at Microsoft.EntityFrameworkCore.Infrastructure.AccessorExtensions.GetService[TService](IInfrastructure`1 accessor)
   at Microsoft.EntityFrameworkCore.Infrastructure.DatabaseFacade.get_Dependencies()
   at Microsoft.EntityFrameworkCore.Infrastructure.DatabaseFacade.EnsureCreated()
   at RealEstate.API.Tests.CustomWebApplicationFactory`1.<>c.<ConfigureWebHost>b__0_0(IServiceCollection services) in C:\Users\ADAMS\Documents\ADAMS\ADAMS PROGRAMACION\BE-BETTER\backend-dotnet\RealEstate.API.Tests\CustomWebApplicationFactory.cs:line 49
   at Microsoft.Extensions.Hosting.HostApplicationBuilder.HostBuilderAdapter.ApplyChanges()
   at Microsoft.Extensions.Hosting.HostApplicationBuilder.Build()
   at Microsoft.AspNetCore.Builder.WebApplicationBuilder.Build()
   at Program.<Main>$(String[] args) in C:\Users\ADAMS\Documents\ADAMS\ADAMS PROGRAMACION\BE-BETTER\backend-dotnet\RealEstate.API\Program.cs:line 19
   at InvokeStub_Program.<Main>$(Object, Span`1)
   at System.Reflection.MethodBaseInvoker.InvokeWithOneArg(Object obj, BindingFlags invokeAttr, Binder binder, Object[] parameters, CultureInfo culture)
--- End of stack trace from previous location ---
   at Microsoft.Extensions.Hosting.HostFactoryResolver.HostingListener.CreateHost()
   at Microsoft.Extensions.Hosting.HostFactoryResolver.<>c__DisplayClass10_0.<ResolveHostFactory>b__0(String[] args)
   at Microsoft.AspNetCore.Mvc.Testing.DeferredHostBuilder.Build()
   at Microsoft.AspNetCore.Mvc.Testing.WebApplicationFactory`1.CreateHost(IHostBuilder builder)
   at Microsoft.AspNetCore.Mvc.Testing.WebApplicationFactory`1.ConfigureHostBuilder(IHostBuilder hostBuilder)
   at Microsoft.AspNetCore.Mvc.Testing.WebApplicationFactory`1.EnsureServer()
   at Microsoft.AspNetCore.Mvc.Testing.WebApplicationFactory`1.CreateDefaultClient(DelegatingHandler[] handlers)
   at Microsoft.AspNetCore.Mvc.Testing.WebApplicationFactory`1.CreateDefaultClient(Uri baseAddress, DelegatingHandler[] handlers)
   at Microsoft.AspNetCore.Mvc.Testing.WebApplicationFactory`1.CreateClient(WebApplicationFactoryClientOptions options)
   at Microsoft.AspNetCore.Mvc.Testing.WebApplicationFactory`1.CreateClient()
   at RealEstate.API.Tests.Integration.ClientsControllerTests..ctor(CustomWebApplicationFactory`1 factory) in C:\Users\ADAMS\Documents\ADAMS\ADAMS PROGRAMACION\BE-BETTER\backend-dotnet\RealEstate.API.Tests\Integration\ClientsControllerTests.cs:line 14
   at InvokeStub_ClientsControllerTests..ctor(Object, Span`1)
   at System.Reflection.MethodBaseInvoker.InvokeWithOneArg(Object obj, BindingFlags invokeAttr, Binder binder, Object[] parameters, CultureInfo culture)
  Failed RealEstate.API.Tests.Integration.PropertiesControllerTests.DeleteProperty_ExistingProperty_ReturnsNoContent [1 ms]
  Error Message:
   System.InvalidOperationException : Services for database providers 'Npgsql.EntityFrameworkCore.PostgreSQL', 'Microsoft.EntityFrameworkCore.InMemory' have been registered in the service provider. Only a single database provider can be registered in a service provider. If possible, ensure that Entity Framework is managing its service provider by removing the call to 'UseInternalServiceProvider'. Otherwise, consider conditionally registering the database provider, or maintaining one service provider per database provider.
  Stack Trace:
     at Microsoft.EntityFrameworkCore.Internal.DbContextServices.Initialize(IServiceProvider scopedProvider, DbContextOptions contextOptions, DbContext context)
   at Microsoft.EntityFrameworkCore.DbContext.get_ContextServices()
   at Microsoft.EntityFrameworkCore.DbContext.get_InternalServiceProvider()
   at Microsoft.EntityFrameworkCore.DbContext.Microsoft.EntityFrameworkCore.Infrastructure.IInfrastructure<System.IServiceProvider>.get_Instance()
   at Microsoft.EntityFrameworkCore.Infrastructure.Internal.InfrastructureExtensions.GetService(IInfrastructure`1 accessor, Type serviceType)
   at Microsoft.EntityFrameworkCore.Infrastructure.Internal.InfrastructureExtensions.GetService[TService](IInfrastructure`1 accessor)
   at Microsoft.EntityFrameworkCore.Infrastructure.AccessorExtensions.GetService[TService](IInfrastructure`1 accessor)
   at Microsoft.EntityFrameworkCore.Infrastructure.DatabaseFacade.get_Dependencies()
   at Microsoft.EntityFrameworkCore.Infrastructure.DatabaseFacade.EnsureCreated()
   at RealEstate.API.Tests.CustomWebApplicationFactory`1.<>c.<ConfigureWebHost>b__0_0(IServiceCollection services) in C:\Users\ADAMS\Documents\ADAMS\ADAMS PROGRAMACION\BE-BETTER\backend-dotnet\RealEstate.API.Tests\CustomWebApplicationFactory.cs:line 49
   at Microsoft.Extensions.Hosting.HostApplicationBuilder.HostBuilderAdapter.ApplyChanges()
   at Microsoft.Extensions.Hosting.HostApplicationBuilder.Build()
   at Microsoft.AspNetCore.Builder.WebApplicationBuilder.Build()
   at Program.<Main>$(String[] args) in C:\Users\ADAMS\Documents\ADAMS\ADAMS PROGRAMACION\BE-BETTER\backend-dotnet\RealEstate.API\Program.cs:line 19
   at InvokeStub_Program.<Main>$(Object, Span`1)
   at System.Reflection.MethodBaseInvoker.InvokeWithOneArg(Object obj, BindingFlags invokeAttr, Binder binder, Object[] parameters, CultureInfo culture)
--- End of stack trace from previous location ---
   at Microsoft.Extensions.Hosting.HostFactoryResolver.HostingListener.CreateHost()
   at Microsoft.Extensions.Hosting.HostFactoryResolver.<>c__DisplayClass10_0.<ResolveHostFactory>b__0(String[] args)
   at Microsoft.AspNetCore.Mvc.Testing.DeferredHostBuilder.Build()
   at Microsoft.AspNetCore.Mvc.Testing.WebApplicationFactory`1.CreateHost(IHostBuilder builder)
   at Microsoft.AspNetCore.Mvc.Testing.WebApplicationFactory`1.ConfigureHostBuilder(IHostBuilder hostBuilder)
   at Microsoft.AspNetCore.Mvc.Testing.WebApplicationFactory`1.EnsureServer()
   at Microsoft.AspNetCore.Mvc.Testing.WebApplicationFactory`1.CreateDefaultClient(DelegatingHandler[] handlers)
   at Microsoft.AspNetCore.Mvc.Testing.WebApplicationFactory`1.CreateDefaultClient(Uri baseAddress, DelegatingHandler[] handlers)
   at Microsoft.AspNetCore.Mvc.Testing.WebApplicationFactory`1.CreateClient(WebApplicationFactoryClientOptions options)
   at Microsoft.AspNetCore.Mvc.Testing.WebApplicationFactory`1.CreateClient()
   at RealEstate.API.Tests.Integration.PropertiesControllerTests..ctor(CustomWebApplicationFactory`1 factory) in C:\Users\ADAMS\Documents\ADAMS\ADAMS PROGRAMACION\BE-BETTER\backend-dotnet\RealEstate.API.Tests\Integration\PropertiesControllerTests.cs:line 14
   at InvokeStub_PropertiesControllerTests..ctor(Object, Span`1)
   at System.Reflection.MethodBaseInvoker.InvokeWithOneArg(Object obj, BindingFlags invokeAttr, Binder binder, Object[] parameters, CultureInfo culture)
[xUnit.net 00:00:00.58]     RealEstate.API.Tests.Integratio
n.TransactionsControllerTests.CreateTransaction_WithValidDa
ta_ReturnsCreated [FAIL]
[xUnit.net 00:00:00.59]     RealEstate.API.Tests.Integratio
n.ClientsControllerTests.GetClients_ReturnsOkWithClients 
[FAIL]
[xUnit.net 00:00:00.59]     RealEstate.API.Tests.Integratio
n.PropertiesControllerTests.UpdateProperty_NonExistingPrope
rty_ReturnsNotFound [FAIL]
[xUnit.net 00:00:00.59]     RealEstate.API.Tests.Integratio
n.TransactionsControllerTests.CreateTransaction_WithInvalid
ClientId_ReturnsBadRequest [FAIL]
[xUnit.net 00:00:00.59]     RealEstate.API.Tests.Integratio
n.ClientsControllerTests.DeleteClient_ExistingClient_Return
sNoContent [FAIL]
[xUnit.net 00:00:00.59]     RealEstate.API.Tests.Integratio
n.PropertiesControllerTests.CreateProperty_ReturnsCreatedWi
thProperty [FAIL]
[xUnit.net 00:00:00.60]     RealEstate.API.Tests.Integratio
n.ClientsControllerTests.UpdateClient_ExistingClient_Return
sNoContent [FAIL]
[xUnit.net 00:00:00.60]     RealEstate.API.Tests.Integratio
n.TransactionsControllerTests.GetTransactionById_ExistingTr
ansaction_ReturnsOk [FAIL]
  Failed RealEstate.API.Tests.Integration.TransactionsControllerTests.CreateTransaction_WithValidData_ReturnsCreated [1 ms]
  Error Message:
   System.InvalidOperationException : Services for database providers 'Npgsql.EntityFrameworkCore.PostgreSQL', 'Microsoft.EntityFrameworkCore.InMemory' have been registered in the service provider. Only a single database provider can be registered in a service provider. If possible, ensure that Entity Framework is managing its service provider by removing the call to 'UseInternalServiceProvider'. Otherwise, consider conditionally registering the database provider, or maintaining one service provider per database provider.
  Stack Trace:
     at Microsoft.EntityFrameworkCore.Internal.DbContextServices.Initialize(IServiceProvider scopedProvider, DbContextOptions contextOptions, DbContext context)
   at Microsoft.EntityFrameworkCore.DbContext.get_ContextServices()
   at Microsoft.EntityFrameworkCore.DbContext.get_InternalServiceProvider()
   at Microsoft.EntityFrameworkCore.DbContext.Microsoft.EntityFrameworkCore.Infrastructure.IInfrastructure<System.IServiceProvider>.get_Instance()
   at Microsoft.EntityFrameworkCore.Infrastructure.Internal.InfrastructureExtensions.GetService(IInfrastructure`1 accessor, Type serviceType)
   at Microsoft.EntityFrameworkCore.Infrastructure.Internal.InfrastructureExtensions.GetService[TService](IInfrastructure`1 accessor)
   at Microsoft.EntityFrameworkCore.Infrastructure.AccessorExtensions.GetService[TService](IInfrastructure`1 accessor)
   at Microsoft.EntityFrameworkCore.Infrastructure.DatabaseFacade.get_Dependencies()
   at Microsoft.EntityFrameworkCore.Infrastructure.DatabaseFacade.EnsureCreated()
   at RealEstate.API.Tests.CustomWebApplicationFactory`1.<>c.<ConfigureWebHost>b__0_0(IServiceCollection services) in C:\Users\ADAMS\Documents\ADAMS\ADAMS PROGRAMACION\BE-BETTER\backend-dotnet\RealEstate.API.Tests\CustomWebApplicationFactory.cs:line 49
   at Microsoft.Extensions.Hosting.HostApplicationBuilder.HostBuilderAdapter.ApplyChanges()
   at Microsoft.Extensions.Hosting.HostApplicationBuilder.Build()
   at Microsoft.AspNetCore.Builder.WebApplicationBuilder.Build()
   at Program.<Main>$(String[] args) in C:\Users\ADAMS\Documents\ADAMS\ADAMS PROGRAMACION\BE-BETTER\backend-dotnet\RealEstate.API\Program.cs:line 19
   at InvokeStub_Program.<Main>$(Object, Span`1)
   at System.Reflection.MethodBaseInvoker.InvokeWithOneArg(Object obj, BindingFlags invokeAttr, Binder binder, Object[] parameters, CultureInfo culture)
--- End of stack trace from previous location ---
   at Microsoft.Extensions.Hosting.HostFactoryResolver.HostingListener.CreateHost()
   at Microsoft.Extensions.Hosting.HostFactoryResolver.<>c__DisplayClass10_0.<ResolveHostFactory>b__0(String[] args)
   at Microsoft.AspNetCore.Mvc.Testing.DeferredHostBuilder.Build()
   at Microsoft.AspNetCore.Mvc.Testing.WebApplicationFactory`1.CreateHost(IHostBuilder builder)
   at Microsoft.AspNetCore.Mvc.Testing.WebApplicationFactory`1.ConfigureHostBuilder(IHostBuilder hostBuilder)
   at Microsoft.AspNetCore.Mvc.Testing.WebApplicationFactory`1.EnsureServer()
   at Microsoft.AspNetCore.Mvc.Testing.WebApplicationFactory`1.CreateDefaultClient(DelegatingHandler[] handlers)
   at Microsoft.AspNetCore.Mvc.Testing.WebApplicationFactory`1.CreateDefaultClient(Uri baseAddress, DelegatingHandler[] handlers)
   at Microsoft.AspNetCore.Mvc.Testing.WebApplicationFactory`1.CreateClient(WebApplicationFactoryClientOptions options)
   at Microsoft.AspNetCore.Mvc.Testing.WebApplicationFactory`1.CreateClient()
   at RealEstate.API.Tests.Integration.TransactionsControllerTests..ctor(CustomWebApplicationFactory`1 factory) in C:\Users\ADAMS\Documents\ADAMS\ADAMS PROGRAMACION\BE-BETTER\backend-dotnet\RealEstate.API.Tests\Integration\TransactionsControllerTests.cs:line 14
   at InvokeStub_TransactionsControllerTests..ctor(Object, Span`1)
   at System.Reflection.MethodBaseInvoker.InvokeWithOneArg(Object obj, BindingFlags invokeAttr, Binder binder, Object[] parameters, CultureInfo culture)
  Failed RealEstate.API.Tests.Integration.ClientsControllerTests.GetClients_ReturnsOkWithClients [1 ms]
  Error Message:
   System.InvalidOperationException : Services for database providers 'Npgsql.EntityFrameworkCore.PostgreSQL', 'Microsoft.EntityFrameworkCore.InMemory' have been registered in the service provider. Only a single database provider can be registered in a service provider. If possible, ensure that Entity Framework is managing its service provider by removing the call to 'UseInternalServiceProvider'. Otherwise, consider conditionally registering the database provider, or maintaining one service provider per database provider.
  Stack Trace:
     at Microsoft.EntityFrameworkCore.Internal.DbContextServices.Initialize(IServiceProvider scopedProvider, DbContextOptions contextOptions, DbContext context)
   at Microsoft.EntityFrameworkCore.DbContext.get_ContextServices()
   at Microsoft.EntityFrameworkCore.DbContext.get_InternalServiceProvider()
   at Microsoft.EntityFrameworkCore.DbContext.Microsoft.EntityFrameworkCore.Infrastructure.IInfrastructure<System.IServiceProvider>.get_Instance()
   at Microsoft.EntityFrameworkCore.Infrastructure.Internal.InfrastructureExtensions.GetService(IInfrastructure`1 accessor, Type serviceType)
   at Microsoft.EntityFrameworkCore.Infrastructure.Internal.InfrastructureExtensions.GetService[TService](IInfrastructure`1 accessor)
   at Microsoft.EntityFrameworkCore.Infrastructure.AccessorExtensions.GetService[TService](IInfrastructure`1 accessor)
   at Microsoft.EntityFrameworkCore.Infrastructure.DatabaseFacade.get_Dependencies()
   at Microsoft.EntityFrameworkCore.Infrastructure.DatabaseFacade.EnsureCreated()
   at RealEstate.API.Tests.CustomWebApplicationFactory`1.<>c.<ConfigureWebHost>b__0_0(IServiceCollection services) in C:\Users\ADAMS\Documents\ADAMS\ADAMS PROGRAMACION\BE-BETTER\backend-dotnet\RealEstate.API.Tests\CustomWebApplicationFactory.cs:line 49
   at Microsoft.Extensions.Hosting.HostApplicationBuilder.HostBuilderAdapter.ApplyChanges()
   at Microsoft.Extensions.Hosting.HostApplicationBuilder.Build()
   at Microsoft.AspNetCore.Builder.WebApplicationBuilder.Build()
   at Program.<Main>$(String[] args) in C:\Users\ADAMS\Documents\ADAMS\ADAMS PROGRAMACION\BE-BETTER\backend-dotnet\RealEstate.API\Program.cs:line 19
   at InvokeStub_Program.<Main>$(Object, Span`1)
   at System.Reflection.MethodBaseInvoker.InvokeWithOneArg(Object obj, BindingFlags invokeAttr, Binder binder, Object[] parameters, CultureInfo culture)
--- End of stack trace from previous location ---
   at Microsoft.Extensions.Hosting.HostFactoryResolver.HostingListener.CreateHost()
   at Microsoft.Extensions.Hosting.HostFactoryResolver.<>c__DisplayClass10_0.<ResolveHostFactory>b__0(String[] args)
   at Microsoft.AspNetCore.Mvc.Testing.DeferredHostBuilder.Build()
   at Microsoft.AspNetCore.Mvc.Testing.WebApplicationFactory`1.CreateHost(IHostBuilder builder)
   at Microsoft.AspNetCore.Mvc.Testing.WebApplicationFactory`1.ConfigureHostBuilder(IHostBuilder hostBuilder)
   at Microsoft.AspNetCore.Mvc.Testing.WebApplicationFactory`1.EnsureServer()
   at Microsoft.AspNetCore.Mvc.Testing.WebApplicationFactory`1.CreateDefaultClient(DelegatingHandler[] handlers)
   at Microsoft.AspNetCore.Mvc.Testing.WebApplicationFactory`1.CreateDefaultClient(Uri baseAddress, DelegatingHandler[] handlers)
   at Microsoft.AspNetCore.Mvc.Testing.WebApplicationFactory`1.CreateClient(WebApplicationFactoryClientOptions options)
   at Microsoft.AspNetCore.Mvc.Testing.WebApplicationFactory`1.CreateClient()
   at RealEstate.API.Tests.Integration.ClientsControllerTests..ctor(CustomWebApplicationFactory`1 factory) in C:\Users\ADAMS\Documents\ADAMS\ADAMS PROGRAMACION\BE-BETTER\backend-dotnet\RealEstate.API.Tests\Integration\ClientsControllerTests.cs:line 14
   at InvokeStub_ClientsControllerTests..ctor(Object, Span`1)
   at System.Reflection.MethodBaseInvoker.InvokeWithOneArg(Object obj, BindingFlags invokeAttr, Binder binder, Object[] parameters, CultureInfo culture)
  Failed RealEstate.API.Tests.Integration.PropertiesControllerTests.UpdateProperty_NonExistingProperty_ReturnsNotFound [1 ms]
  Error Message:
   System.InvalidOperationException : Services for database providers 'Npgsql.EntityFrameworkCore.PostgreSQL', 'Microsoft.EntityFrameworkCore.InMemory' have been registered in the service provider. Only a single database provider can be registered in a service provider. If possible, ensure that Entity Framework is managing its service provider by removing the call to 'UseInternalServiceProvider'. Otherwise, consider conditionally registering the database provider, or maintaining one service provider per database provider.
  Stack Trace:
     at Microsoft.EntityFrameworkCore.Internal.DbContextServices.Initialize(IServiceProvider scopedProvider, DbContextOptions contextOptions, DbContext context)
   at Microsoft.EntityFrameworkCore.DbContext.get_ContextServices()
   at Microsoft.EntityFrameworkCore.DbContext.get_InternalServiceProvider()
   at Microsoft.EntityFrameworkCore.DbContext.Microsoft.EntityFrameworkCore.Infrastructure.IInfrastructure<System.IServiceProvider>.get_Instance()
   at Microsoft.EntityFrameworkCore.Infrastructure.Internal.InfrastructureExtensions.GetService(IInfrastructure`1 accessor, Type serviceType)
   at Microsoft.EntityFrameworkCore.Infrastructure.Internal.InfrastructureExtensions.GetService[TService](IInfrastructure`1 accessor)
   at Microsoft.EntityFrameworkCore.Infrastructure.AccessorExtensions.GetService[TService](IInfrastructure`1 accessor)
   at Microsoft.EntityFrameworkCore.Infrastructure.DatabaseFacade.get_Dependencies()
   at Microsoft.EntityFrameworkCore.Infrastructure.DatabaseFacade.EnsureCreated()
   at RealEstate.API.Tests.CustomWebApplicationFactory`1.<>c.<ConfigureWebHost>b__0_0(IServiceCollection services) in C:\Users\ADAMS\Documents\ADAMS\ADAMS PROGRAMACION\BE-BETTER\backend-dotnet\RealEstate.API.Tests\CustomWebApplicationFactory.cs:line 49
   at Microsoft.Extensions.Hosting.HostApplicationBuilder.HostBuilderAdapter.ApplyChanges()
   at Microsoft.Extensions.Hosting.HostApplicationBuilder.Build()
   at Microsoft.AspNetCore.Builder.WebApplicationBuilder.Build()
   at Program.<Main>$(String[] args) in C:\Users\ADAMS\Documents\ADAMS\ADAMS PROGRAMACION\BE-BETTER\backend-dotnet\RealEstate.API\Program.cs:line 19
   at InvokeStub_Program.<Main>$(Object, Span`1)
   at System.Reflection.MethodBaseInvoker.InvokeWithOneArg(Object obj, BindingFlags invokeAttr, Binder binder, Object[] parameters, CultureInfo culture)
--- End of stack trace from previous location ---
   at Microsoft.Extensions.Hosting.HostFactoryResolver.HostingListener.CreateHost()
   at Microsoft.Extensions.Hosting.HostFactoryResolver.<>c__DisplayClass10_0.<ResolveHostFactory>b__0(String[] args)
   at Microsoft.AspNetCore.Mvc.Testing.DeferredHostBuilder.Build()
   at Microsoft.AspNetCore.Mvc.Testing.WebApplicationFactory`1.CreateHost(IHostBuilder builder)
   at Microsoft.AspNetCore.Mvc.Testing.WebApplicationFactory`1.ConfigureHostBuilder(IHostBuilder hostBuilder)
   at Microsoft.AspNetCore.Mvc.Testing.WebApplicationFactory`1.EnsureServer()
   at Microsoft.AspNetCore.Mvc.Testing.WebApplicationFactory`1.CreateDefaultClient(DelegatingHandler[] handlers)
   at Microsoft.AspNetCore.Mvc.Testing.WebApplicationFactory`1.CreateDefaultClient(Uri baseAddress, DelegatingHandler[] handlers)
   at Microsoft.AspNetCore.Mvc.Testing.WebApplicationFactory`1.CreateClient(WebApplicationFactoryClientOptions options)
   at Microsoft.AspNetCore.Mvc.Testing.WebApplicationFactory`1.CreateClient()
   at RealEstate.API.Tests.Integration.PropertiesControllerTests..ctor(CustomWebApplicationFactory`1 factory) in C:\Users\ADAMS\Documents\ADAMS\ADAMS PROGRAMACION\BE-BETTER\backend-dotnet\RealEstate.API.Tests\Integration\PropertiesControllerTests.cs:line 14
   at InvokeStub_PropertiesControllerTests..ctor(Object, Span`1)
   at System.Reflection.MethodBaseInvoker.InvokeWithOneArg(Object obj, BindingFlags invokeAttr, Binder binder, Object[] parameters, CultureInfo culture)
  Failed RealEstate.API.Tests.Integration.TransactionsControllerTests.CreateTransaction_WithInvalidClientId_ReturnsBadRequest [1 ms]
  Error Message:
   System.InvalidOperationException : Services for database providers 'Npgsql.EntityFrameworkCore.PostgreSQL', 'Microsoft.EntityFrameworkCore.InMemory' have been registered in the service provider. Only a single database provider can be registered in a service provider. If possible, ensure that Entity Framework is managing its service provider by removing the call to 'UseInternalServiceProvider'. Otherwise, consider conditionally registering the database provider, or maintaining one service provider per database provider.
  Stack Trace:
     at Microsoft.EntityFrameworkCore.Internal.DbContextServices.Initialize(IServiceProvider scopedProvider, DbContextOptions contextOptions, DbContext context)
   at Microsoft.EntityFrameworkCore.DbContext.get_ContextServices()
   at Microsoft.EntityFrameworkCore.DbContext.get_InternalServiceProvider()
   at Microsoft.EntityFrameworkCore.DbContext.Microsoft.EntityFrameworkCore.Infrastructure.IInfrastructure<System.IServiceProvider>.get_Instance()
   at Microsoft.EntityFrameworkCore.Infrastructure.Internal.InfrastructureExtensions.GetService(IInfrastructure`1 accessor, Type serviceType)
   at Microsoft.EntityFrameworkCore.Infrastructure.Internal.InfrastructureExtensions.GetService[TService](IInfrastructure`1 accessor)
   at Microsoft.EntityFrameworkCore.Infrastructure.AccessorExtensions.GetService[TService](IInfrastructure`1 accessor)
   at Microsoft.EntityFrameworkCore.Infrastructure.DatabaseFacade.get_Dependencies()
   at Microsoft.EntityFrameworkCore.Infrastructure.DatabaseFacade.EnsureCreated()
   at RealEstate.API.Tests.CustomWebApplicationFactory`1.<>c.<ConfigureWebHost>b__0_0(IServiceCollection services) in C:\Users\ADAMS\Documents\ADAMS\ADAMS PROGRAMACION\BE-BETTER\backend-dotnet\RealEstate.API.Tests\CustomWebApplicationFactory.cs:line 49
   at Microsoft.Extensions.Hosting.HostApplicationBuilder.HostBuilderAdapter.ApplyChanges()
   at Microsoft.Extensions.Hosting.HostApplicationBuilder.Build()
   at Microsoft.AspNetCore.Builder.WebApplicationBuilder.Build()
   at Program.<Main>$(String[] args) in C:\Users\ADAMS\Documents\ADAMS\ADAMS PROGRAMACION\BE-BETTER\backend-dotnet\RealEstate.API\Program.cs:line 19
   at InvokeStub_Program.<Main>$(Object, Span`1)
   at System.Reflection.MethodBaseInvoker.InvokeWithOneArg(Object obj, BindingFlags invokeAttr, Binder binder, Object[] parameters, CultureInfo culture)
--- End of stack trace from previous location ---
   at Microsoft.Extensions.Hosting.HostFactoryResolver.HostingListener.CreateHost()
   at Microsoft.Extensions.Hosting.HostFactoryResolver.<>c__DisplayClass10_0.<ResolveHostFactory>b__0(String[] args)
   at Microsoft.AspNetCore.Mvc.Testing.DeferredHostBuilder.Build()
   at Microsoft.AspNetCore.Mvc.Testing.WebApplicationFactory`1.CreateHost(IHostBuilder builder)
   at Microsoft.AspNetCore.Mvc.Testing.WebApplicationFactory`1.ConfigureHostBuilder(IHostBuilder hostBuilder)
   at Microsoft.AspNetCore.Mvc.Testing.WebApplicationFactory`1.EnsureServer()
   at Microsoft.AspNetCore.Mvc.Testing.WebApplicationFactory`1.CreateDefaultClient(DelegatingHandler[] handlers)
   at Microsoft.AspNetCore.Mvc.Testing.WebApplicationFactory`1.CreateDefaultClient(Uri baseAddress, DelegatingHandler[] handlers)
   at Microsoft.AspNetCore.Mvc.Testing.WebApplicationFactory`1.CreateClient(WebApplicationFactoryClientOptions options)
   at Microsoft.AspNetCore.Mvc.Testing.WebApplicationFactory`1.CreateClient()
   at RealEstate.API.Tests.Integration.TransactionsControllerTests..ctor(CustomWebApplicationFactory`1 factory) in C:\Users\ADAMS\Documents\ADAMS\ADAMS PROGRAMACION\BE-BETTER\backend-dotnet\RealEstate.API.Tests\Integration\TransactionsControllerTests.cs:line 14
   at InvokeStub_TransactionsControllerTests..ctor(Object, Span`1)
   at System.Reflection.MethodBaseInvoker.InvokeWithOneArg(Object obj, BindingFlags invokeAttr, Binder binder, Object[] parameters, CultureInfo culture)
  Failed RealEstate.API.Tests.Integration.ClientsControllerTests.DeleteClient_ExistingClient_ReturnsNoContent [1 ms]
  Error Message:
   System.InvalidOperationException : Services for database providers 'Npgsql.EntityFrameworkCore.PostgreSQL', 'Microsoft.EntityFrameworkCore.InMemory' have been registered in the service provider. Only a single database provider can be registered in a service provider. If possible, ensure that Entity Framework is managing its service provider by removing the call to 'UseInternalServiceProvider'. Otherwise, consider conditionally registering the database provider, or maintaining one service provider per database provider.
  Stack Trace:
     at Microsoft.EntityFrameworkCore.Internal.DbContextServices.Initialize(IServiceProvider scopedProvider, DbContextOptions contextOptions, DbContext context)
   at Microsoft.EntityFrameworkCore.DbContext.get_ContextServices()
   at Microsoft.EntityFrameworkCore.DbContext.get_InternalServiceProvider()
   at Microsoft.EntityFrameworkCore.DbContext.Microsoft.EntityFrameworkCore.Infrastructure.IInfrastructure<System.IServiceProvider>.get_Instance()
   at Microsoft.EntityFrameworkCore.Infrastructure.Internal.InfrastructureExtensions.GetService(IInfrastructure`1 accessor, Type serviceType)
   at Microsoft.EntityFrameworkCore.Infrastructure.Internal.InfrastructureExtensions.GetService[TService](IInfrastructure`1 accessor)
   at Microsoft.EntityFrameworkCore.Infrastructure.AccessorExtensions.GetService[TService](IInfrastructure`1 accessor)
   at Microsoft.EntityFrameworkCore.Infrastructure.DatabaseFacade.get_Dependencies()
   at Microsoft.EntityFrameworkCore.Infrastructure.DatabaseFacade.EnsureCreated()
   at RealEstate.API.Tests.CustomWebApplicationFactory`1.<>c.<ConfigureWebHost>b__0_0(IServiceCollection services) in C:\Users\ADAMS\Documents\ADAMS\ADAMS PROGRAMACION\BE-BETTER\backend-dotnet\RealEstate.API.Tests\CustomWebApplicationFactory.cs:line 49
   at Microsoft.Extensions.Hosting.HostApplicationBuilder.HostBuilderAdapter.ApplyChanges()
   at Microsoft.Extensions.Hosting.HostApplicationBuilder.Build()
   at Microsoft.AspNetCore.Builder.WebApplicationBuilder.Build()
   at Program.<Main>$(String[] args) in C:\Users\ADAMS\Documents\ADAMS\ADAMS PROGRAMACION\BE-BETTER\backend-dotnet\RealEstate.API\Program.cs:line 19
   at InvokeStub_Program.<Main>$(Object, Span`1)
   at System.Reflection.MethodBaseInvoker.InvokeWithOneArg(Object obj, BindingFlags invokeAttr, Binder binder, Object[] parameters, CultureInfo culture)
--- End of stack trace from previous location ---
   at Microsoft.Extensions.Hosting.HostFactoryResolver.HostingListener.CreateHost()
   at Microsoft.Extensions.Hosting.HostFactoryResolver.<>c__DisplayClass10_0.<ResolveHostFactory>b__0(String[] args)
   at Microsoft.AspNetCore.Mvc.Testing.DeferredHostBuilder.Build()
   at Microsoft.AspNetCore.Mvc.Testing.WebApplicationFactory`1.CreateHost(IHostBuilder builder)
   at Microsoft.AspNetCore.Mvc.Testing.WebApplicationFactory`1.ConfigureHostBuilder(IHostBuilder hostBuilder)
   at Microsoft.AspNetCore.Mvc.Testing.WebApplicationFactory`1.EnsureServer()
   at Microsoft.AspNetCore.Mvc.Testing.WebApplicationFactory`1.CreateDefaultClient(DelegatingHandler[] handlers)
   at Microsoft.AspNetCore.Mvc.Testing.WebApplicationFactory`1.CreateDefaultClient(Uri baseAddress, DelegatingHandler[] handlers)
   at Microsoft.AspNetCore.Mvc.Testing.WebApplicationFactory`1.CreateClient(WebApplicationFactoryClientOptions options)
   at Microsoft.AspNetCore.Mvc.Testing.WebApplicationFactory`1.CreateClient()
   at RealEstate.API.Tests.Integration.ClientsControllerTests..ctor(CustomWebApplicationFactory`1 factory) in C:\Users\ADAMS\Documents\ADAMS\ADAMS PROGRAMACION\BE-BETTER\backend-dotnet\RealEstate.API.Tests\Integration\ClientsControllerTests.cs:line 14
   at InvokeStub_ClientsControllerTests..ctor(Object, Span`1)
   at System.Reflection.MethodBaseInvoker.InvokeWithOneArg(Object obj, BindingFlags invokeAttr, Binder binder, Object[] parameters, CultureInfo culture)
  Failed RealEstate.API.Tests.Integration.PropertiesControllerTests.CreateProperty_ReturnsCreatedWithProperty [1 ms]
  Error Message:
   System.InvalidOperationException : Services for database providers 'Npgsql.EntityFrameworkCore.PostgreSQL', 'Microsoft.EntityFrameworkCore.InMemory' have been registered in the service provider. Only a single database provider can be registered in a service provider. If possible, ensure that Entity Framework is managing its service provider by removing the call to 'UseInternalServiceProvider'. Otherwise, consider conditionally registering the database provider, or maintaining one service provider per database provider.
  Stack Trace:
     at Microsoft.EntityFrameworkCore.Internal.DbContextServices.Initialize(IServiceProvider scopedProvider, DbContextOptions contextOptions, DbContext context)
   at Microsoft.EntityFrameworkCore.DbContext.get_ContextServices()
   at Microsoft.EntityFrameworkCore.DbContext.get_InternalServiceProvider()
   at Microsoft.EntityFrameworkCore.DbContext.Microsoft.EntityFrameworkCore.Infrastructure.IInfrastructure<System.IServiceProvider>.get_Instance()
   at Microsoft.EntityFrameworkCore.Infrastructure.Internal.InfrastructureExtensions.GetService(IInfrastructure`1 accessor, Type serviceType)
   at Microsoft.EntityFrameworkCore.Infrastructure.Internal.InfrastructureExtensions.GetService[TService](IInfrastructure`1 accessor)
   at Microsoft.EntityFrameworkCore.Infrastructure.AccessorExtensions.GetService[TService](IInfrastructure`1 accessor)
   at Microsoft.EntityFrameworkCore.Infrastructure.DatabaseFacade.get_Dependencies()
   at Microsoft.EntityFrameworkCore.Infrastructure.DatabaseFacade.EnsureCreated()
   at RealEstate.API.Tests.CustomWebApplicationFactory`1.<>c.<ConfigureWebHost>b__0_0(IServiceCollection services) in C:\Users\ADAMS\Documents\ADAMS\ADAMS PROGRAMACION\BE-BETTER\backend-dotnet\RealEstate.API.Tests\CustomWebApplicationFactory.cs:line 49
   at Microsoft.Extensions.Hosting.HostApplicationBuilder.HostBuilderAdapter.ApplyChanges()
   at Microsoft.Extensions.Hosting.HostApplicationBuilder.Build()
   at Microsoft.AspNetCore.Builder.WebApplicationBuilder.Build()
   at Program.<Main>$(String[] args) in C:\Users\ADAMS\Documents\ADAMS\ADAMS PROGRAMACION\BE-BETTER\backend-dotnet\RealEstate.API\Program.cs:line 19
   at InvokeStub_Program.<Main>$(Object, Span`1)
   at System.Reflection.MethodBaseInvoker.InvokeWithOneArg(Object obj, BindingFlags invokeAttr, Binder binder, Object[] parameters, CultureInfo culture)
--- End of stack trace from previous location ---
   at Microsoft.Extensions.Hosting.HostFactoryResolver.HostingListener.CreateHost()
   at Microsoft.Extensions.Hosting.HostFactoryResolver.<>c__DisplayClass10_0.<ResolveHostFactory>b__0(String[] args)
   at Microsoft.AspNetCore.Mvc.Testing.DeferredHostBuilder.Build()
   at Microsoft.AspNetCore.Mvc.Testing.WebApplicationFactory`1.CreateHost(IHostBuilder builder)
   at Microsoft.AspNetCore.Mvc.Testing.WebApplicationFactory`1.ConfigureHostBuilder(IHostBuilder hostBuilder)
   at Microsoft.AspNetCore.Mvc.Testing.WebApplicationFactory`1.EnsureServer()
   at Microsoft.AspNetCore.Mvc.Testing.WebApplicationFactory`1.CreateDefaultClient(DelegatingHandler[] handlers)
   at Microsoft.AspNetCore.Mvc.Testing.WebApplicationFactory`1.CreateDefaultClient(Uri baseAddress, DelegatingHandler[] handlers)
   at Microsoft.AspNetCore.Mvc.Testing.WebApplicationFactory`1.CreateClient(WebApplicationFactoryClientOptions options)
   at Microsoft.AspNetCore.Mvc.Testing.WebApplicationFactory`1.CreateClient()
   at RealEstate.API.Tests.Integration.PropertiesControllerTests..ctor(CustomWebApplicationFactory`1 factory) in C:\Users\ADAMS\Documents\ADAMS\ADAMS PROGRAMACION\BE-BETTER\backend-dotnet\RealEstate.API.Tests\Integration\PropertiesControllerTests.cs:line 14
   at InvokeStub_PropertiesControllerTests..ctor(Object, Span`1)
   at System.Reflection.MethodBaseInvoker.InvokeWithOneArg(Object obj, BindingFlags invokeAttr, Binder binder, Object[] parameters, CultureInfo culture)
  Failed RealEstate.API.Tests.Integration.ClientsControllerTests.UpdateClient_ExistingClient_ReturnsNoContent [1 ms]
  Error Message:
   System.InvalidOperationException : Services for database providers 'Npgsql.EntityFrameworkCore.PostgreSQL', 'Microsoft.EntityFrameworkCore.InMemory' have been registered in the service provider. Only a single database provider can be registered in a service provider. If possible, ensure that Entity Framework is managing its service provider by removing the call to 'UseInternalServiceProvider'. Otherwise, consider conditionally registering the database provider, or maintaining one service provider per database provider.
  Stack Trace:
     at Microsoft.EntityFrameworkCore.Internal.DbContextServices.Initialize(IServiceProvider scopedProvider, DbContextOptions contextOptions, DbContext context)
   at Microsoft.EntityFrameworkCore.DbContext.get_ContextServices()
   at Microsoft.EntityFrameworkCore.DbContext.get_InternalServiceProvider()
   at Microsoft.EntityFrameworkCore.DbContext.Microsoft.EntityFrameworkCore.Infrastructure.IInfrastructure<System.IServiceProvider>.get_Instance()
   at Microsoft.EntityFrameworkCore.Infrastructure.Internal.InfrastructureExtensions.GetService(IInfrastructure`1 accessor, Type serviceType)
   at Microsoft.EntityFrameworkCore.Infrastructure.Internal.InfrastructureExtensions.GetService[TService](IInfrastructure`1 accessor)
   at Microsoft.EntityFrameworkCore.Infrastructure.AccessorExtensions.GetService[TService](IInfrastructure`1 accessor)
   at Microsoft.EntityFrameworkCore.Infrastructure.DatabaseFacade.get_Dependencies()
   at Microsoft.EntityFrameworkCore.Infrastructure.DatabaseFacade.EnsureCreated()
   at RealEstate.API.Tests.CustomWebApplicationFactory`1.<>c.<ConfigureWebHost>b__0_0(IServiceCollection services) in C:\Users\ADAMS\Documents\ADAMS\ADAMS PROGRAMACION\BE-BETTER\backend-dotnet\RealEstate.API.Tests\CustomWebApplicationFactory.cs:line 49
   at Microsoft.Extensions.Hosting.HostApplicationBuilder.HostBuilderAdapter.ApplyChanges()
   at Microsoft.Extensions.Hosting.HostApplicationBuilder.Build()
   at Microsoft.AspNetCore.Builder.WebApplicationBuilder.Build()
   at Program.<Main>$(String[] args) in C:\Users\ADAMS\Documents\ADAMS\ADAMS PROGRAMACION\BE-BETTER\backend-dotnet\RealEstate.API\Program.cs:line 19
   at InvokeStub_Program.<Main>$(Object, Span`1)
   at System.Reflection.MethodBaseInvoker.InvokeWithOneArg(Object obj, BindingFlags invokeAttr, Binder binder, Object[] parameters, CultureInfo culture)
--- End of stack trace from previous location ---
   at Microsoft.Extensions.Hosting.HostFactoryResolver.HostingListener.CreateHost()
   at Microsoft.Extensions.Hosting.HostFactoryResolver.<>c__DisplayClass10_0.<ResolveHostFactory>b__0(String[] args)
   at Microsoft.AspNetCore.Mvc.Testing.DeferredHostBuilder.Build()
   at Microsoft.AspNetCore.Mvc.Testing.WebApplicationFactory`1.CreateHost(IHostBuilder builder)
   at Microsoft.AspNetCore.Mvc.Testing.WebApplicationFactory`1.ConfigureHostBuilder(IHostBuilder hostBuilder)
   at Microsoft.AspNetCore.Mvc.Testing.WebApplicationFactory`1.EnsureServer()
   at Microsoft.AspNetCore.Mvc.Testing.WebApplicationFactory`1.CreateDefaultClient(DelegatingHandler[] handlers)
   at Microsoft.AspNetCore.Mvc.Testing.WebApplicationFactory`1.CreateDefaultClient(Uri baseAddress, DelegatingHandler[] handlers)
   at Microsoft.AspNetCore.Mvc.Testing.WebApplicationFactory`1.CreateClient(WebApplicationFactoryClientOptions options)
   at Microsoft.AspNetCore.Mvc.Testing.WebApplicationFactory`1.CreateClient()
   at RealEstate.API.Tests.Integration.ClientsControllerTests..ctor(CustomWebApplicationFactory`1 factory) in C:\Users\ADAMS\Documents\ADAMS\ADAMS PROGRAMACION\BE-BETTER\backend-dotnet\RealEstate.API.Tests\Integration\ClientsControllerTests.cs:line 14
   at InvokeStub_ClientsControllerTests..ctor(Object, Span`1)
   at System.Reflection.MethodBaseInvoker.InvokeWithOneArg(Object obj, BindingFlags invokeAttr, Binder binder, Object[] parameters, CultureInfo culture)
  Failed RealEstate.API.Tests.Integration.TransactionsControllerTests.GetTransactionById_ExistingTransaction_ReturnsOk [1 ms]
  Error Message:
   System.InvalidOperationException : Services for database providers 'Npgsql.EntityFrameworkCore.PostgreSQL', 'Microsoft.EntityFrameworkCore.InMemory' have been registered in the service provider. Only a single database provider can be registered in a service provider. If possible, ensure that Entity Framework is managing its service provider by removing the call to 'UseInternalServiceProvider'. Otherwise, consider conditionally registering the database provider, or maintaining one service provider per database provider.
  Stack Trace:
     at Microsoft.EntityFrameworkCore.Internal.DbContextServices.Initialize(IServiceProvider scopedProvider, DbContextOptions contextOptions, DbContext context)
   at Microsoft.EntityFrameworkCore.DbContext.get_ContextServices()
   at Microsoft.EntityFrameworkCore.DbContext.get_InternalServiceProvider()
   at Microsoft.EntityFrameworkCore.DbContext.Microsoft.EntityFrameworkCore.Infrastructure.IInfrastructure<System.IServiceProvider>.get_Instance()
   at Microsoft.EntityFrameworkCore.Infrastructure.Internal.InfrastructureExtensions.GetService(IInfrastructure`1 accessor, Type serviceType)
   at Microsoft.EntityFrameworkCore.Infrastructure.Internal.InfrastructureExtensions.GetService[TService](IInfrastructure`1 accessor)
   at Microsoft.EntityFrameworkCore.Infrastructure.AccessorExtensions.GetService[TService](IInfrastructure`1 accessor)
   at Microsoft.EntityFrameworkCore.Infrastructure.DatabaseFacade.get_Dependencies()
   at Microsoft.EntityFrameworkCore.Infrastructure.DatabaseFacade.EnsureCreated()
   at RealEstate.API.Tests.CustomWebApplicationFactory`1.<>c.<ConfigureWebHost>b__0_0(IServiceCollection services) in C:\Users\ADAMS\Documents\ADAMS\ADAMS PROGRAMACION\BE-BETTER\backend-dotnet\RealEstate.API.Tests\CustomWebApplicationFactory.cs:line 49
   at Microsoft.Extensions.Hosting.HostApplicationBuilder.HostBuilderAdapter.ApplyChanges()
   at Microsoft.Extensions.Hosting.HostApplicationBuilder.Build()
   at Microsoft.AspNetCore.Builder.WebApplicationBuilder.Build()
   at Program.<Main>$(String[] args) in C:\Users\ADAMS\Documents\ADAMS\ADAMS PROGRAMACION\BE-BETTER\backend-dotnet\RealEstate.API\Program.cs:line 19
   at InvokeStub_Program.<Main>$(Object, Span`1)
   at System.Reflection.MethodBaseInvoker.InvokeWithOneArg(Object obj, BindingFlags invokeAttr, Binder binder, Object[] parameters, CultureInfo culture)
--- End of stack trace from previous location ---
   at Microsoft.Extensions.Hosting.HostFactoryResolver.HostingListener.CreateHost()
   at Microsoft.Extensions.Hosting.HostFactoryResolver.<>c__DisplayClass10_0.<ResolveHostFactory>b__0(String[] args)
   at Microsoft.AspNetCore.Mvc.Testing.DeferredHostBuilder.Build()
   at Microsoft.AspNetCore.Mvc.Testing.WebApplicationFactory`1.CreateHost(IHostBuilder builder)
   at Microsoft.AspNetCore.Mvc.Testing.WebApplicationFactory`1.ConfigureHostBuilder(IHostBuilder hostBuilder)
   at Microsoft.AspNetCore.Mvc.Testing.WebApplicationFactory`1.EnsureServer()
   at Microsoft.AspNetCore.Mvc.Testing.WebApplicationFactory`1.CreateDefaultClient(DelegatingHandler[] handlers)
   at Microsoft.AspNetCore.Mvc.Testing.WebApplicationFactory`1.CreateDefaultClient(Uri baseAddress, DelegatingHandler[] handlers)
   at Microsoft.AspNetCore.Mvc.Testing.WebApplicationFactory`1.CreateClient(WebApplicationFactoryClientOptions options)
   at Microsoft.AspNetCore.Mvc.Testing.WebApplicationFactory`1.CreateClient()
   at RealEstate.API.Tests.Integration.TransactionsControllerTests..ctor(CustomWebApplicationFactory`1 factory) in C:\Users\ADAMS\Documents\ADAMS\ADAMS PROGRAMACION\BE-BETTER\backend-dotnet\RealEstate.API.Tests\Integration\TransactionsControllerTests.cs:line 14
   at InvokeStub_TransactionsControllerTests..ctor(Object, Span`1)
   at System.Reflection.MethodBaseInvoker.InvokeWithOneArg(Object obj, BindingFlags invokeAttr, Binder binder, Object[] parameters, CultureInfo culture)
[xUnit.net 00:00:00.60]     RealEstate.API.Tests.Integratio
n.PropertiesControllerTests.UpdateProperty_ExistingProperty
_ReturnsNoContent [FAIL]
[xUnit.net 00:00:00.60]     RealEstate.API.Tests.Integratio
n.PropertiesControllerTests.GetProperties_ReturnsOkWithProp
erties [FAIL]
[xUnit.net 00:00:00.61]     RealEstate.API.Tests.Integratio
n.TransactionsControllerTests.CreateTransaction_WithInvalid
PropertyId_ReturnsBadRequest [FAIL]
[xUnit.net 00:00:00.61]     RealEstate.API.Tests.Integratio
n.ClientsControllerTests.CreateClient_ReturnsCreatedWithCli
ent [FAIL]
[xUnit.net 00:00:00.61]     RealEstate.API.Tests.Integratio
n.ClientsControllerTests.DeleteClient_NonExistingClient_Ret
urnsNotFound [FAIL]
[xUnit.net 00:00:00.61]     RealEstate.API.Tests.Integratio
n.PropertiesControllerTests.GetPropertyById_NonExistingProp
erty_ReturnsNotFound [FAIL]
[xUnit.net 00:00:00.62]     RealEstate.API.Tests.Integratio
n.ClientsControllerTests.GetClientById_NonExistingClient_Re
turnsNotFound [FAIL]
[xUnit.net 00:00:00.63]     RealEstate.API.Tests.Integratio
n.PropertiesControllerTests.DeleteProperty_NonExistingPrope
rty_ReturnsNotFound [FAIL]
  Failed RealEstate.API.Tests.Integration.PropertiesControllerTests.UpdateProperty_ExistingProperty_ReturnsNoContent [1 ms]
  Error Message:
   System.InvalidOperationException : Services for database providers 'Npgsql.EntityFrameworkCore.PostgreSQL', 'Microsoft.EntityFrameworkCore.InMemory' have been registered in the service provider. Only a single database provider can be registered in a service provider. If possible, ensure that Entity Framework is managing its service provider by removing the call to 'UseInternalServiceProvider'. Otherwise, consider conditionally registering the database provider, or maintaining one service provider per database provider.
  Stack Trace:
     at Microsoft.EntityFrameworkCore.Internal.DbContextServices.Initialize(IServiceProvider scopedProvider, DbContextOptions contextOptions, DbContext context)
   at Microsoft.EntityFrameworkCore.DbContext.get_ContextServices()
   at Microsoft.EntityFrameworkCore.DbContext.get_InternalServiceProvider()
   at Microsoft.EntityFrameworkCore.DbContext.Microsoft.EntityFrameworkCore.Infrastructure.IInfrastructure<System.IServiceProvider>.get_Instance()
   at Microsoft.EntityFrameworkCore.Infrastructure.Internal.InfrastructureExtensions.GetService(IInfrastructure`1 accessor, Type serviceType)
   at Microsoft.EntityFrameworkCore.Infrastructure.Internal.InfrastructureExtensions.GetService[TService](IInfrastructure`1 accessor)
   at Microsoft.EntityFrameworkCore.Infrastructure.AccessorExtensions.GetService[TService](IInfrastructure`1 accessor)
   at Microsoft.EntityFrameworkCore.Infrastructure.DatabaseFacade.get_Dependencies()
   at Microsoft.EntityFrameworkCore.Infrastructure.DatabaseFacade.EnsureCreated()
   at RealEstate.API.Tests.CustomWebApplicationFactory`1.<>c.<ConfigureWebHost>b__0_0(IServiceCollection services) in C:\Users\ADAMS\Documents\ADAMS\ADAMS PROGRAMACION\BE-BETTER\backend-dotnet\RealEstate.API.Tests\CustomWebApplicationFactory.cs:line 49
   at Microsoft.Extensions.Hosting.HostApplicationBuilder.HostBuilderAdapter.ApplyChanges()
   at Microsoft.Extensions.Hosting.HostApplicationBuilder.Build()
   at Microsoft.AspNetCore.Builder.WebApplicationBuilder.Build()
   at Program.<Main>$(String[] args) in C:\Users\ADAMS\Documents\ADAMS\ADAMS PROGRAMACION\BE-BETTER\backend-dotnet\RealEstate.API\Program.cs:line 19
   at InvokeStub_Program.<Main>$(Object, Span`1)
   at System.Reflection.MethodBaseInvoker.InvokeWithOneArg(Object obj, BindingFlags invokeAttr, Binder binder, Object[] parameters, CultureInfo culture)
--- End of stack trace from previous location ---
   at Microsoft.Extensions.Hosting.HostFactoryResolver.HostingListener.CreateHost()
   at Microsoft.Extensions.Hosting.HostFactoryResolver.<>c__DisplayClass10_0.<ResolveHostFactory>b__0(String[] args)
   at Microsoft.AspNetCore.Mvc.Testing.DeferredHostBuilder.Build()
   at Microsoft.AspNetCore.Mvc.Testing.WebApplicationFactory`1.CreateHost(IHostBuilder builder)
   at Microsoft.AspNetCore.Mvc.Testing.WebApplicationFactory`1.ConfigureHostBuilder(IHostBuilder hostBuilder)
   at Microsoft.AspNetCore.Mvc.Testing.WebApplicationFactory`1.EnsureServer()
   at Microsoft.AspNetCore.Mvc.Testing.WebApplicationFactory`1.CreateDefaultClient(DelegatingHandler[] handlers)
   at Microsoft.AspNetCore.Mvc.Testing.WebApplicationFactory`1.CreateDefaultClient(Uri baseAddress, DelegatingHandler[] handlers)
   at Microsoft.AspNetCore.Mvc.Testing.WebApplicationFactory`1.CreateClient(WebApplicationFactoryClientOptions options)
   at Microsoft.AspNetCore.Mvc.Testing.WebApplicationFactory`1.CreateClient()
   at RealEstate.API.Tests.Integration.PropertiesControllerTests..ctor(CustomWebApplicationFactory`1 factory) in C:\Users\ADAMS\Documents\ADAMS\ADAMS PROGRAMACION\BE-BETTER\backend-dotnet\RealEstate.API.Tests\Integration\PropertiesControllerTests.cs:line 14
   at InvokeStub_PropertiesControllerTests..ctor(Object, Span`1)
   at System.Reflection.MethodBaseInvoker.InvokeWithOneArg(Object obj, BindingFlags invokeAttr, Binder binder, Object[] parameters, CultureInfo culture)
  Failed RealEstate.API.Tests.Integration.PropertiesControllerTests.GetProperties_ReturnsOkWithProperties [1 ms]
  Error Message:
   System.InvalidOperationException : Services for database providers 'Npgsql.EntityFrameworkCore.PostgreSQL', 'Microsoft.EntityFrameworkCore.InMemory' have been registered in the service provider. Only a single database provider can be registered in a service provider. If possible, ensure that Entity Framework is managing its service provider by removing the call to 'UseInternalServiceProvider'. Otherwise, consider conditionally registering the database provider, or maintaining one service provider per database provider.
  Stack Trace:
     at Microsoft.EntityFrameworkCore.Internal.DbContextServices.Initialize(IServiceProvider scopedProvider, DbContextOptions contextOptions, DbContext context)
   at Microsoft.EntityFrameworkCore.DbContext.get_ContextServices()
   at Microsoft.EntityFrameworkCore.DbContext.get_InternalServiceProvider()
   at Microsoft.EntityFrameworkCore.DbContext.Microsoft.EntityFrameworkCore.Infrastructure.IInfrastructure<System.IServiceProvider>.get_Instance()
   at Microsoft.EntityFrameworkCore.Infrastructure.Internal.InfrastructureExtensions.GetService(IInfrastructure`1 accessor, Type serviceType)
   at Microsoft.EntityFrameworkCore.Infrastructure.Internal.InfrastructureExtensions.GetService[TService](IInfrastructure`1 accessor)
   at Microsoft.EntityFrameworkCore.Infrastructure.AccessorExtensions.GetService[TService](IInfrastructure`1 accessor)
   at Microsoft.EntityFrameworkCore.Infrastructure.DatabaseFacade.get_Dependencies()
   at Microsoft.EntityFrameworkCore.Infrastructure.DatabaseFacade.EnsureCreated()
   at RealEstate.API.Tests.CustomWebApplicationFactory`1.<>c.<ConfigureWebHost>b__0_0(IServiceCollection services) in C:\Users\ADAMS\Documents\ADAMS\ADAMS PROGRAMACION\BE-BETTER\backend-dotnet\RealEstate.API.Tests\CustomWebApplicationFactory.cs:line 49
   at Microsoft.Extensions.Hosting.HostApplicationBuilder.HostBuilderAdapter.ApplyChanges()
   at Microsoft.Extensions.Hosting.HostApplicationBuilder.Build()
   at Microsoft.AspNetCore.Builder.WebApplicationBuilder.Build()
   at Program.<Main>$(String[] args) in C:\Users\ADAMS\Documents\ADAMS\ADAMS PROGRAMACION\BE-BETTER\backend-dotnet\RealEstate.API\Program.cs:line 19
   at InvokeStub_Program.<Main>$(Object, Span`1)
   at System.Reflection.MethodBaseInvoker.InvokeWithOneArg(Object obj, BindingFlags invokeAttr, Binder binder, Object[] parameters, CultureInfo culture)
--- End of stack trace from previous location ---
   at Microsoft.Extensions.Hosting.HostFactoryResolver.HostingListener.CreateHost()
   at Microsoft.Extensions.Hosting.HostFactoryResolver.<>c__DisplayClass10_0.<ResolveHostFactory>b__0(String[] args)
   at Microsoft.AspNetCore.Mvc.Testing.DeferredHostBuilder.Build()
   at Microsoft.AspNetCore.Mvc.Testing.WebApplicationFactory`1.CreateHost(IHostBuilder builder)
   at Microsoft.AspNetCore.Mvc.Testing.WebApplicationFactory`1.ConfigureHostBuilder(IHostBuilder hostBuilder)
   at Microsoft.AspNetCore.Mvc.Testing.WebApplicationFactory`1.EnsureServer()
   at Microsoft.AspNetCore.Mvc.Testing.WebApplicationFactory`1.CreateDefaultClient(DelegatingHandler[] handlers)
   at Microsoft.AspNetCore.Mvc.Testing.WebApplicationFactory`1.CreateDefaultClient(Uri baseAddress, DelegatingHandler[] handlers)
   at Microsoft.AspNetCore.Mvc.Testing.WebApplicationFactory`1.CreateClient(WebApplicationFactoryClientOptions options)
   at Microsoft.AspNetCore.Mvc.Testing.WebApplicationFactory`1.CreateClient()
   at RealEstate.API.Tests.Integration.PropertiesControllerTests..ctor(CustomWebApplicationFactory`1 factory) in C:\Users\ADAMS\Documents\ADAMS\ADAMS PROGRAMACION\BE-BETTER\backend-dotnet\RealEstate.API.Tests\Integration\PropertiesControllerTests.cs:line 14
   at InvokeStub_PropertiesControllerTests..ctor(Object, Span`1)
   at System.Reflection.MethodBaseInvoker.InvokeWithOneArg(Object obj, BindingFlags invokeAttr, Binder binder, Object[] parameters, CultureInfo culture)
  Failed RealEstate.API.Tests.Integration.TransactionsControllerTests.CreateTransaction_WithInvalidPropertyId_ReturnsBadRequest [1 ms]
  Error Message:
   System.InvalidOperationException : Services for database providers 'Npgsql.EntityFrameworkCore.PostgreSQL', 'Microsoft.EntityFrameworkCore.InMemory' have been registered in the service provider. Only a single database provider can be registered in a service provider. If possible, ensure that Entity Framework is managing its service provider by removing the call to 'UseInternalServiceProvider'. Otherwise, consider conditionally registering the database provider, or maintaining one service provider per database provider.
  Stack Trace:
     at Microsoft.EntityFrameworkCore.Internal.DbContextServices.Initialize(IServiceProvider scopedProvider, DbContextOptions contextOptions, DbContext context)
   at Microsoft.EntityFrameworkCore.DbContext.get_ContextServices()
   at Microsoft.EntityFrameworkCore.DbContext.get_InternalServiceProvider()
   at Microsoft.EntityFrameworkCore.DbContext.Microsoft.EntityFrameworkCore.Infrastructure.IInfrastructure<System.IServiceProvider>.get_Instance()
   at Microsoft.EntityFrameworkCore.Infrastructure.Internal.InfrastructureExtensions.GetService(IInfrastructure`1 accessor, Type serviceType)
   at Microsoft.EntityFrameworkCore.Infrastructure.Internal.InfrastructureExtensions.GetService[TService](IInfrastructure`1 accessor)
   at Microsoft.EntityFrameworkCore.Infrastructure.AccessorExtensions.GetService[TService](IInfrastructure`1 accessor)
   at Microsoft.EntityFrameworkCore.Infrastructure.DatabaseFacade.get_Dependencies()
   at Microsoft.EntityFrameworkCore.Infrastructure.DatabaseFacade.EnsureCreated()
   at RealEstate.API.Tests.CustomWebApplicationFactory`1.<>c.<ConfigureWebHost>b__0_0(IServiceCollection services) in C:\Users\ADAMS\Documents\ADAMS\ADAMS PROGRAMACION\BE-BETTER\backend-dotnet\RealEstate.API.Tests\CustomWebApplicationFactory.cs:line 49
   at Microsoft.Extensions.Hosting.HostApplicationBuilder.HostBuilderAdapter.ApplyChanges()
   at Microsoft.Extensions.Hosting.HostApplicationBuilder.Build()
   at Microsoft.AspNetCore.Builder.WebApplicationBuilder.Build()
   at Program.<Main>$(String[] args) in C:\Users\ADAMS\Documents\ADAMS\ADAMS PROGRAMACION\BE-BETTER\backend-dotnet\RealEstate.API\Program.cs:line 19
   at InvokeStub_Program.<Main>$(Object, Span`1)
   at System.Reflection.MethodBaseInvoker.InvokeWithOneArg(Object obj, BindingFlags invokeAttr, Binder binder, Object[] parameters, CultureInfo culture)
--- End of stack trace from previous location ---
   at Microsoft.Extensions.Hosting.HostFactoryResolver.HostingListener.CreateHost()
   at Microsoft.Extensions.Hosting.HostFactoryResolver.<>c__DisplayClass10_0.<ResolveHostFactory>b__0(String[] args)
   at Microsoft.AspNetCore.Mvc.Testing.DeferredHostBuilder.Build()
   at Microsoft.AspNetCore.Mvc.Testing.WebApplicationFactory`1.CreateHost(IHostBuilder builder)
   at Microsoft.AspNetCore.Mvc.Testing.WebApplicationFactory`1.ConfigureHostBuilder(IHostBuilder hostBuilder)
   at Microsoft.AspNetCore.Mvc.Testing.WebApplicationFactory`1.EnsureServer()
   at Microsoft.AspNetCore.Mvc.Testing.WebApplicationFactory`1.CreateDefaultClient(DelegatingHandler[] handlers)
   at Microsoft.AspNetCore.Mvc.Testing.WebApplicationFactory`1.CreateDefaultClient(Uri baseAddress, DelegatingHandler[] handlers)
   at Microsoft.AspNetCore.Mvc.Testing.WebApplicationFactory`1.CreateClient(WebApplicationFactoryClientOptions options)
   at Microsoft.AspNetCore.Mvc.Testing.WebApplicationFactory`1.CreateClient()
   at RealEstate.API.Tests.Integration.TransactionsControllerTests..ctor(CustomWebApplicationFactory`1 factory) in C:\Users\ADAMS\Documents\ADAMS\ADAMS PROGRAMACION\BE-BETTER\backend-dotnet\RealEstate.API.Tests\Integration\TransactionsControllerTests.cs:line 14
   at InvokeStub_TransactionsControllerTests..ctor(Object, Span`1)
   at System.Reflection.MethodBaseInvoker.InvokeWithOneArg(Object obj, BindingFlags invokeAttr, Binder binder, Object[] parameters, CultureInfo culture)
  Failed RealEstate.API.Tests.Integration.ClientsControllerTests.CreateClient_ReturnsCreatedWithClient [1 ms]
  Error Message:
   System.InvalidOperationException : Services for database providers 'Npgsql.EntityFrameworkCore.PostgreSQL', 'Microsoft.EntityFrameworkCore.InMemory' have been registered in the service provider. Only a single database provider can be registered in a service provider. If possible, ensure that Entity Framework is managing its service provider by removing the call to 'UseInternalServiceProvider'. Otherwise, consider conditionally registering the database provider, or maintaining one service provider per database provider.
  Stack Trace:
     at Microsoft.EntityFrameworkCore.Internal.DbContextServices.Initialize(IServiceProvider scopedProvider, DbContextOptions contextOptions, DbContext context)
   at Microsoft.EntityFrameworkCore.DbContext.get_ContextServices()
   at Microsoft.EntityFrameworkCore.DbContext.get_InternalServiceProvider()
   at Microsoft.EntityFrameworkCore.DbContext.Microsoft.EntityFrameworkCore.Infrastructure.IInfrastructure<System.IServiceProvider>.get_Instance()
   at Microsoft.EntityFrameworkCore.Infrastructure.Internal.InfrastructureExtensions.GetService(IInfrastructure`1 accessor, Type serviceType)
   at Microsoft.EntityFrameworkCore.Infrastructure.Internal.InfrastructureExtensions.GetService[TService](IInfrastructure`1 accessor)
   at Microsoft.EntityFrameworkCore.Infrastructure.AccessorExtensions.GetService[TService](IInfrastructure`1 accessor)
   at Microsoft.EntityFrameworkCore.Infrastructure.DatabaseFacade.get_Dependencies()
   at Microsoft.EntityFrameworkCore.Infrastructure.DatabaseFacade.EnsureCreated()
   at RealEstate.API.Tests.CustomWebApplicationFactory`1.<>c.<ConfigureWebHost>b__0_0(IServiceCollection services) in C:\Users\ADAMS\Documents\ADAMS\ADAMS PROGRAMACION\BE-BETTER\backend-dotnet\RealEstate.API.Tests\CustomWebApplicationFactory.cs:line 49
   at Microsoft.Extensions.Hosting.HostApplicationBuilder.HostBuilderAdapter.ApplyChanges()
   at Microsoft.Extensions.Hosting.HostApplicationBuilder.Build()
   at Microsoft.AspNetCore.Builder.WebApplicationBuilder.Build()
   at Program.<Main>$(String[] args) in C:\Users\ADAMS\Documents\ADAMS\ADAMS PROGRAMACION\BE-BETTER\backend-dotnet\RealEstate.API\Program.cs:line 19
   at InvokeStub_Program.<Main>$(Object, Span`1)
   at System.Reflection.MethodBaseInvoker.InvokeWithOneArg(Object obj, BindingFlags invokeAttr, Binder binder, Object[] parameters, CultureInfo culture)
--- End of stack trace from previous location ---
   at Microsoft.Extensions.Hosting.HostFactoryResolver.HostingListener.CreateHost()
   at Microsoft.Extensions.Hosting.HostFactoryResolver.<>c__DisplayClass10_0.<ResolveHostFactory>b__0(String[] args)
   at Microsoft.AspNetCore.Mvc.Testing.DeferredHostBuilder.Build()
   at Microsoft.AspNetCore.Mvc.Testing.WebApplicationFactory`1.CreateHost(IHostBuilder builder)
   at Microsoft.AspNetCore.Mvc.Testing.WebApplicationFactory`1.ConfigureHostBuilder(IHostBuilder hostBuilder)
   at Microsoft.AspNetCore.Mvc.Testing.WebApplicationFactory`1.EnsureServer()
   at Microsoft.AspNetCore.Mvc.Testing.WebApplicationFactory`1.CreateDefaultClient(DelegatingHandler[] handlers)
   at Microsoft.AspNetCore.Mvc.Testing.WebApplicationFactory`1.CreateDefaultClient(Uri baseAddress, DelegatingHandler[] handlers)
   at Microsoft.AspNetCore.Mvc.Testing.WebApplicationFactory`1.CreateClient(WebApplicationFactoryClientOptions options)
   at Microsoft.AspNetCore.Mvc.Testing.WebApplicationFactory`1.CreateClient()
   at RealEstate.API.Tests.Integration.ClientsControllerTests..ctor(CustomWebApplicationFactory`1 factory) in C:\Users\ADAMS\Documents\ADAMS\ADAMS PROGRAMACION\BE-BETTER\backend-dotnet\RealEstate.API.Tests\Integration\ClientsControllerTests.cs:line 14
   at InvokeStub_ClientsControllerTests..ctor(Object, Span`1)
   at System.Reflection.MethodBaseInvoker.InvokeWithOneArg(Object obj, BindingFlags invokeAttr, Binder binder, Object[] parameters, CultureInfo culture)
  Failed RealEstate.API.Tests.Integration.ClientsControllerTests.DeleteClient_NonExistingClient_ReturnsNotFound [1 ms]
  Error Message:
   System.InvalidOperationException : Services for database providers 'Npgsql.EntityFrameworkCore.PostgreSQL', 'Microsoft.EntityFrameworkCore.InMemory' have been registered in the service provider. Only a single database provider can be registered in a service provider. If possible, ensure that Entity Framework is managing its service provider by removing the call to 'UseInternalServiceProvider'. Otherwise, consider conditionally registering the database provider, or maintaining one service provider per database provider.
  Stack Trace:
     at Microsoft.EntityFrameworkCore.Internal.DbContextServices.Initialize(IServiceProvider scopedProvider, DbContextOptions contextOptions, DbContext context)
   at Microsoft.EntityFrameworkCore.DbContext.get_ContextServices()
   at Microsoft.EntityFrameworkCore.DbContext.get_InternalServiceProvider()
   at Microsoft.EntityFrameworkCore.DbContext.Microsoft.EntityFrameworkCore.Infrastructure.IInfrastructure<System.IServiceProvider>.get_Instance()
   at Microsoft.EntityFrameworkCore.Infrastructure.Internal.InfrastructureExtensions.GetService(IInfrastructure`1 accessor, Type serviceType)
   at Microsoft.EntityFrameworkCore.Infrastructure.Internal.InfrastructureExtensions.GetService[TService](IInfrastructure`1 accessor)
   at Microsoft.EntityFrameworkCore.Infrastructure.AccessorExtensions.GetService[TService](IInfrastructure`1 accessor)
   at Microsoft.EntityFrameworkCore.Infrastructure.DatabaseFacade.get_Dependencies()
   at Microsoft.EntityFrameworkCore.Infrastructure.DatabaseFacade.EnsureCreated()
   at RealEstate.API.Tests.CustomWebApplicationFactory`1.<>c.<ConfigureWebHost>b__0_0(IServiceCollection services) in C:\Users\ADAMS\Documents\ADAMS\ADAMS PROGRAMACION\BE-BETTER\backend-dotnet\RealEstate.API.Tests\CustomWebApplicationFactory.cs:line 49
   at Microsoft.Extensions.Hosting.HostApplicationBuilder.HostBuilderAdapter.ApplyChanges()
   at Microsoft.Extensions.Hosting.HostApplicationBuilder.Build()
   at Microsoft.AspNetCore.Builder.WebApplicationBuilder.Build()
   at Program.<Main>$(String[] args) in C:\Users\ADAMS\Documents\ADAMS\ADAMS PROGRAMACION\BE-BETTER\backend-dotnet\RealEstate.API\Program.cs:line 19
   at InvokeStub_Program.<Main>$(Object, Span`1)
   at System.Reflection.MethodBaseInvoker.InvokeWithOneArg(Object obj, BindingFlags invokeAttr, Binder binder, Object[] parameters, CultureInfo culture)
--- End of stack trace from previous location ---
   at Microsoft.Extensions.Hosting.HostFactoryResolver.HostingListener.CreateHost()
   at Microsoft.Extensions.Hosting.HostFactoryResolver.<>c__DisplayClass10_0.<ResolveHostFactory>b__0(String[] args)
   at Microsoft.AspNetCore.Mvc.Testing.DeferredHostBuilder.Build()
   at Microsoft.AspNetCore.Mvc.Testing.WebApplicationFactory`1.CreateHost(IHostBuilder builder)
   at Microsoft.AspNetCore.Mvc.Testing.WebApplicationFactory`1.ConfigureHostBuilder(IHostBuilder hostBuilder)
   at Microsoft.AspNetCore.Mvc.Testing.WebApplicationFactory`1.EnsureServer()
   at Microsoft.AspNetCore.Mvc.Testing.WebApplicationFactory`1.CreateDefaultClient(DelegatingHandler[] handlers)
   at Microsoft.AspNetCore.Mvc.Testing.WebApplicationFactory`1.CreateDefaultClient(Uri baseAddress, DelegatingHandler[] handlers)
   at Microsoft.AspNetCore.Mvc.Testing.WebApplicationFactory`1.CreateClient(WebApplicationFactoryClientOptions options)
   at Microsoft.AspNetCore.Mvc.Testing.WebApplicationFactory`1.CreateClient()
   at RealEstate.API.Tests.Integration.ClientsControllerTests..ctor(CustomWebApplicationFactory`1 factory) in C:\Users\ADAMS\Documents\ADAMS\ADAMS PROGRAMACION\BE-BETTER\backend-dotnet\RealEstate.API.Tests\Integration\ClientsControllerTests.cs:line 14
   at InvokeStub_ClientsControllerTests..ctor(Object, Span`1)
   at System.Reflection.MethodBaseInvoker.InvokeWithOneArg(Object obj, BindingFlags invokeAttr, Binder binder, Object[] parameters, CultureInfo culture)
  Failed RealEstate.API.Tests.Integration.PropertiesControllerTests.GetPropertyById_NonExistingProperty_ReturnsNotFound [1 ms]
  Error Message:
   System.InvalidOperationException : Services for database providers 'Npgsql.EntityFrameworkCore.PostgreSQL', 'Microsoft.EntityFrameworkCore.InMemory' have been registered in the service provider. Only a single database provider can be registered in a service provider. If possible, ensure that Entity Framework is managing its service provider by removing the call to 'UseInternalServiceProvider'. Otherwise, consider conditionally registering the database provider, or maintaining one service provider per database provider.
  Stack Trace:
     at Microsoft.EntityFrameworkCore.Internal.DbContextServices.Initialize(IServiceProvider scopedProvider, DbContextOptions contextOptions, DbContext context)
   at Microsoft.EntityFrameworkCore.DbContext.get_ContextServices()
   at Microsoft.EntityFrameworkCore.DbContext.get_InternalServiceProvider()
   at Microsoft.EntityFrameworkCore.DbContext.Microsoft.EntityFrameworkCore.Infrastructure.IInfrastructure<System.IServiceProvider>.get_Instance()
   at Microsoft.EntityFrameworkCore.Infrastructure.Internal.InfrastructureExtensions.GetService(IInfrastructure`1 accessor, Type serviceType)
   at Microsoft.EntityFrameworkCore.Infrastructure.Internal.InfrastructureExtensions.GetService[TService](IInfrastructure`1 accessor)
   at Microsoft.EntityFrameworkCore.Infrastructure.AccessorExtensions.GetService[TService](IInfrastructure`1 accessor)
   at Microsoft.EntityFrameworkCore.Infrastructure.DatabaseFacade.get_Dependencies()
   at Microsoft.EntityFrameworkCore.Infrastructure.DatabaseFacade.EnsureCreated()
   at RealEstate.API.Tests.CustomWebApplicationFactory`1.<>c.<ConfigureWebHost>b__0_0(IServiceCollection services) in C:\Users\ADAMS\Documents\ADAMS\ADAMS PROGRAMACION\BE-BETTER\backend-dotnet\RealEstate.API.Tests\CustomWebApplicationFactory.cs:line 49
   at Microsoft.Extensions.Hosting.HostApplicationBuilder.HostBuilderAdapter.ApplyChanges()
   at Microsoft.Extensions.Hosting.HostApplicationBuilder.Build()
   at Microsoft.AspNetCore.Builder.WebApplicationBuilder.Build()
   at Program.<Main>$(String[] args) in C:\Users\ADAMS\Documents\ADAMS\ADAMS PROGRAMACION\BE-BETTER\backend-dotnet\RealEstate.API\Program.cs:line 19
   at InvokeStub_Program.<Main>$(Object, Span`1)
   at System.Reflection.MethodBaseInvoker.InvokeWithOneArg(Object obj, BindingFlags invokeAttr, Binder binder, Object[] parameters, CultureInfo culture)
--- End of stack trace from previous location ---
   at Microsoft.Extensions.Hosting.HostFactoryResolver.HostingListener.CreateHost()
   at Microsoft.Extensions.Hosting.HostFactoryResolver.<>c__DisplayClass10_0.<ResolveHostFactory>b__0(String[] args)
   at Microsoft.AspNetCore.Mvc.Testing.DeferredHostBuilder.Build()
   at Microsoft.AspNetCore.Mvc.Testing.WebApplicationFactory`1.CreateHost(IHostBuilder builder)
   at Microsoft.AspNetCore.Mvc.Testing.WebApplicationFactory`1.ConfigureHostBuilder(IHostBuilder hostBuilder)
   at Microsoft.AspNetCore.Mvc.Testing.WebApplicationFactory`1.EnsureServer()
   at Microsoft.AspNetCore.Mvc.Testing.WebApplicationFactory`1.CreateDefaultClient(DelegatingHandler[] handlers)
   at Microsoft.AspNetCore.Mvc.Testing.WebApplicationFactory`1.CreateDefaultClient(Uri baseAddress, DelegatingHandler[] handlers)
   at Microsoft.AspNetCore.Mvc.Testing.WebApplicationFactory`1.CreateClient(WebApplicationFactoryClientOptions options)
   at Microsoft.AspNetCore.Mvc.Testing.WebApplicationFactory`1.CreateClient()
   at RealEstate.API.Tests.Integration.PropertiesControllerTests..ctor(CustomWebApplicationFactory`1 factory) in C:\Users\ADAMS\Documents\ADAMS\ADAMS PROGRAMACION\BE-BETTER\backend-dotnet\RealEstate.API.Tests\Integration\PropertiesControllerTests.cs:line 14
   at InvokeStub_PropertiesControllerTests..ctor(Object, Span`1)
   at System.Reflection.MethodBaseInvoker.InvokeWithOneArg(Object obj, BindingFlags invokeAttr, Binder binder, Object[] parameters, CultureInfo culture)
  Failed RealEstate.API.Tests.Integration.ClientsControllerTests.GetClientById_NonExistingClient_ReturnsNotFound [1 ms]
  Error Message:
   System.InvalidOperationException : Services for database providers 'Npgsql.EntityFrameworkCore.PostgreSQL', 'Microsoft.EntityFrameworkCore.InMemory' have been registered in the service provider. Only a single database provider can be registered in a service provider. If possible, ensure that Entity Framework is managing its service provider by removing the call to 'UseInternalServiceProvider'. Otherwise, consider conditionally registering the database provider, or maintaining one service provider per database provider.
  Stack Trace:
     at Microsoft.EntityFrameworkCore.Internal.DbContextServices.Initialize(IServiceProvider scopedProvider, DbContextOptions contextOptions, DbContext context)
   at Microsoft.EntityFrameworkCore.DbContext.get_ContextServices()
   at Microsoft.EntityFrameworkCore.DbContext.get_InternalServiceProvider()
   at Microsoft.EntityFrameworkCore.DbContext.Microsoft.EntityFrameworkCore.Infrastructure.IInfrastructure<System.IServiceProvider>.get_Instance()
   at Microsoft.EntityFrameworkCore.Infrastructure.Internal.InfrastructureExtensions.GetService(IInfrastructure`1 accessor, Type serviceType)
   at Microsoft.EntityFrameworkCore.Infrastructure.Internal.InfrastructureExtensions.GetService[TService](IInfrastructure`1 accessor)
   at Microsoft.EntityFrameworkCore.Infrastructure.AccessorExtensions.GetService[TService](IInfrastructure`1 accessor)
   at Microsoft.EntityFrameworkCore.Infrastructure.DatabaseFacade.get_Dependencies()
   at Microsoft.EntityFrameworkCore.Infrastructure.DatabaseFacade.EnsureCreated()
   at RealEstate.API.Tests.CustomWebApplicationFactory`1.<>c.<ConfigureWebHost>b__0_0(IServiceCollection services) in C:\Users\ADAMS\Documents\ADAMS\ADAMS PROGRAMACION\BE-BETTER\backend-dotnet\RealEstate.API.Tests\CustomWebApplicationFactory.cs:line 49
   at Microsoft.Extensions.Hosting.HostApplicationBuilder.HostBuilderAdapter.ApplyChanges()
   at Microsoft.Extensions.Hosting.HostApplicationBuilder.Build()
   at Microsoft.AspNetCore.Builder.WebApplicationBuilder.Build()
   at Program.<Main>$(String[] args) in C:\Users\ADAMS\Documents\ADAMS\ADAMS PROGRAMACION\BE-BETTER\backend-dotnet\RealEstate.API\Program.cs:line 19
   at InvokeStub_Program.<Main>$(Object, Span`1)
   at System.Reflection.MethodBaseInvoker.InvokeWithOneArg(Object obj, BindingFlags invokeAttr, Binder binder, Object[] parameters, CultureInfo culture)
--- End of stack trace from previous location ---
   at Microsoft.Extensions.Hosting.HostFactoryResolver.HostingListener.CreateHost()
   at Microsoft.Extensions.Hosting.HostFactoryResolver.<>c__DisplayClass10_0.<ResolveHostFactory>b__0(String[] args)
   at Microsoft.AspNetCore.Mvc.Testing.DeferredHostBuilder.Build()
   at Microsoft.AspNetCore.Mvc.Testing.WebApplicationFactory`1.CreateHost(IHostBuilder builder)
   at Microsoft.AspNetCore.Mvc.Testing.WebApplicationFactory`1.ConfigureHostBuilder(IHostBuilder hostBuilder)
   at Microsoft.AspNetCore.Mvc.Testing.WebApplicationFactory`1.EnsureServer()
   at Microsoft.AspNetCore.Mvc.Testing.WebApplicationFactory`1.CreateDefaultClient(DelegatingHandler[] handlers)
   at Microsoft.AspNetCore.Mvc.Testing.WebApplicationFactory`1.CreateDefaultClient(Uri baseAddress, DelegatingHandler[] handlers)
   at Microsoft.AspNetCore.Mvc.Testing.WebApplicationFactory`1.CreateClient(WebApplicationFactoryClientOptions options)
   at Microsoft.AspNetCore.Mvc.Testing.WebApplicationFactory`1.CreateClient()
   at RealEstate.API.Tests.Integration.ClientsControllerTests..ctor(CustomWebApplicationFactory`1 factory) in C:\Users\ADAMS\Documents\ADAMS\ADAMS PROGRAMACION\BE-BETTER\backend-dotnet\RealEstate.API.Tests\Integration\ClientsControllerTests.cs:line 14
   at InvokeStub_ClientsControllerTests..ctor(Object, Span`1)
   at System.Reflection.MethodBaseInvoker.InvokeWithOneArg(Object obj, BindingFlags invokeAttr, Binder binder, Object[] parameters, CultureInfo culture)
  Failed RealEstate.API.Tests.Integration.PropertiesControllerTests.DeleteProperty_NonExistingProperty_ReturnsNotFound [1 ms]
  Error Message:
   System.InvalidOperationException : Services for database providers 'Npgsql.EntityFrameworkCore.PostgreSQL', 'Microsoft.EntityFrameworkCore.InMemory' have been registered in the service provider. Only a single database provider can be registered in a service provider. If possible, ensure that Entity Framework is managing its service provider by removing the call to 'UseInternalServiceProvider'. Otherwise, consider conditionally registering the database provider, or maintaining one service provider per database provider.
  Stack Trace:
     at Microsoft.EntityFrameworkCore.Internal.DbContextServices.Initialize(IServiceProvider scopedProvider, DbContextOptions contextOptions, DbContext context)
   at Microsoft.EntityFrameworkCore.DbContext.get_ContextServices()
   at Microsoft.EntityFrameworkCore.DbContext.get_InternalServiceProvider()
   at Microsoft.EntityFrameworkCore.DbContext.Microsoft.EntityFrameworkCore.Infrastructure.IInfrastructure<System.IServiceProvider>.get_Instance()
   at Microsoft.EntityFrameworkCore.Infrastructure.Internal.InfrastructureExtensions.GetService(IInfrastructure`1 accessor, Type serviceType)
   at Microsoft.EntityFrameworkCore.Infrastructure.Internal.InfrastructureExtensions.GetService[TService](IInfrastructure`1 accessor)
   at Microsoft.EntityFrameworkCore.Infrastructure.AccessorExtensions.GetService[TService](IInfrastructure`1 accessor)
   at Microsoft.EntityFrameworkCore.Infrastructure.DatabaseFacade.get_Dependencies()
   at Microsoft.EntityFrameworkCore.Infrastructure.DatabaseFacade.EnsureCreated()
   at RealEstate.API.Tests.CustomWebApplicationFactory`1.<>c.<ConfigureWebHost>b__0_0(IServiceCollection services) in C:\Users\ADAMS\Documents\ADAMS\ADAMS PROGRAMACION\BE-BETTER\backend-dotnet\RealEstate.API.Tests\CustomWebApplicationFactory.cs:line 49
   at Microsoft.Extensions.Hosting.HostApplicationBuilder.HostBuilderAdapter.ApplyChanges()
   at Microsoft.Extensions.Hosting.HostApplicationBuilder.Build()
   at Microsoft.AspNetCore.Builder.WebApplicationBuilder.Build()
   at Program.<Main>$(String[] args) in C:\Users\ADAMS\Documents\ADAMS\ADAMS PROGRAMACION\BE-BETTER\backend-dotnet\RealEstate.API\Program.cs:line 19
   at InvokeStub_Program.<Main>$(Object, Span`1)
   at System.Reflection.MethodBaseInvoker.InvokeWithOneArg(Object obj, BindingFlags invokeAttr, Binder binder, Object[] parameters, CultureInfo culture)
--- End of stack trace from previous location ---
   at Microsoft.Extensions.Hosting.HostFactoryResolver.HostingListener.CreateHost()
   at Microsoft.Extensions.Hosting.HostFactoryResolver.<>c__DisplayClass10_0.<ResolveHostFactory>b__0(String[] args)
   at Microsoft.AspNetCore.Mvc.Testing.DeferredHostBuilder.Build()
   at Microsoft.AspNetCore.Mvc.Testing.WebApplicationFactory`1.CreateHost(IHostBuilder builder)
   at Microsoft.AspNetCore.Mvc.Testing.WebApplicationFactory`1.ConfigureHostBuilder(IHostBuilder hostBuilder)
   at Microsoft.AspNetCore.Mvc.Testing.WebApplicationFactory`1.EnsureServer()
   at Microsoft.AspNetCore.Mvc.Testing.WebApplicationFactory`1.CreateDefaultClient(DelegatingHandler[] handlers)
   at Microsoft.AspNetCore.Mvc.Testing.WebApplicationFactory`1.CreateDefaultClient(Uri baseAddress, DelegatingHandler[] handlers)
   at Microsoft.AspNetCore.Mvc.Testing.WebApplicationFactory`1.CreateClient(WebApplicationFactoryClientOptions options)
   at Microsoft.AspNetCore.Mvc.Testing.WebApplicationFactory`1.CreateClient()
   at RealEstate.API.Tests.Integration.PropertiesControllerTests..ctor(CustomWebApplicationFactory`1 factory) in C:\Users\ADAMS\Documents\ADAMS\ADAMS PROGRAMACION\BE-BETTER\backend-dotnet\RealEstate.API.Tests\Integration\PropertiesControllerTests.cs:line 14
   at InvokeStub_PropertiesControllerTests..ctor(Object, Span`1)
   at System.Reflection.MethodBaseInvoker.InvokeWithOneArg(Object obj, BindingFlags invokeAttr, Binder binder, Object[] parameters, CultureInfo culture)

Failed!  - Failed:    22, Passed:     1, Skipped:     0, Total:    23, Duration: 391 ms - RealEstate.API.Tests.dll (net9.0)
